[16:03:29] resuming pool: n0500_L10000_mu0p1000_kingman_pop1p0000_JC69
[16:03:29] params: n=500 mu=0.1 pop_size=1.0 L=10000 model=kingman; targets=[1, 5, 10, 15] tol=±1.0; samples/bin=10; starting seed=110; max_attempts=800
[16:03:29] current bin counts: eta01=2/10  eta05=2/10  eta10=2/10  eta15=1/10
[16:03:30] saved seed=111 eta=10.628 -> eta10 (idx=3, n1=457, n2=43, margin=-1.9914); counts: eta01=2/10  eta05=2/10  eta10=3/10  eta15=1/10 [attempts=2, elapsed=1.4s]
[16:03:31] saved seed=112 eta=1.475 -> eta01 (idx=3, n1=202, n2=298, margin=-0.3202); counts: eta01=3/10  eta05=2/10  eta10=3/10  eta15=1/10 [attempts=3, elapsed=2.2s]
[16:03:32] saved seed=113 eta=1.083 -> eta01 (idx=4, n1=260, n2=240, margin=0.1779); counts: eta01=4/10  eta05=2/10  eta10=3/10  eta15=1/10 [attempts=4, elapsed=2.9s]
[16:03:33] saved seed=115 eta=1.336 -> eta01 (idx=5, n1=214, n2=286, margin=0.2356); counts: eta01=5/10  eta05=2/10  eta10=3/10  eta15=1/10 [attempts=6, elapsed=4.4s]
[16:03:34] saved seed=116 eta=1.762 -> eta01 (idx=6, n1=319, n2=181, margin=0.2997); counts: eta01=6/10  eta05=2/10  eta10=3/10  eta15=1/10 [attempts=7, elapsed=5.1s]
[16:03:35] saved seed=117 eta=1.660 -> eta01 (idx=7, n1=188, n2=312, margin=0.8594); counts: eta01=7/10  eta05=2/10  eta10=3/10  eta15=1/10 [attempts=8, elapsed=5.8s]
[16:03:35] saved seed=118 eta=1.304 -> eta01 (idx=8, n1=283, n2=217, margin=0.4876); counts: eta01=8/10  eta05=2/10  eta10=3/10  eta15=1/10 [attempts=9, elapsed=6.6s]
[16:03:37] saved seed=120 eta=1.283 -> eta01 (idx=9, n1=219, n2=281, margin=0.8593); counts: eta01=9/10  eta05=2/10  eta10=3/10  eta15=1/10 [attempts=11, elapsed=8.0s]
[16:03:38] saved seed=122 eta=1.890 -> eta01 (idx=10, n1=173, n2=327, margin=0.6250); counts: eta01=10/10  eta05=2/10  eta10=3/10  eta15=1/10 [attempts=13, elapsed=9.6s]
[16:03:41] saved seed=125 eta=4.682 -> eta05 (idx=3, n1=412, n2=88, margin=-0.5355); counts: eta01=10/10  eta05=3/10  eta10=3/10  eta15=1/10 [attempts=16, elapsed=11.8s]
[16:03:44] seed=129 eta=3.237 -> no match; attempts=20 saves=10 elapsed=14.8s
[16:03:45] saved seed=131 eta=5.494 -> eta05 (idx=4, n1=77, n2=423, margin=-0.6630); counts: eta01=10/10  eta05=4/10  eta10=3/10  eta15=1/10 [attempts=22, elapsed=16.3s]
[16:03:51] saved seed=139 eta=9.204 -> eta10 (idx=4, n1=451, n2=49, margin=-4.0598); counts: eta01=10/10  eta05=4/10  eta10=4/10  eta15=1/10 [attempts=30, elapsed=22.4s]
[16:03:54] saved seed=143 eta=9.204 -> eta10 (idx=5, n1=49, n2=451, margin=-0.7563); counts: eta01=10/10  eta05=4/10  eta10=5/10  eta15=1/10 [attempts=34, elapsed=25.4s]
[16:03:57] saved seed=146 eta=5.250 -> eta05 (idx=5, n1=420, n2=80, margin=-0.2763); counts: eta01=10/10  eta05=5/10  eta10=5/10  eta15=1/10 [attempts=37, elapsed=27.7s]
[16:03:58] saved seed=148 eta=5.494 -> eta05 (idx=6, n1=423, n2=77, margin=-0.2547); counts: eta01=10/10  eta05=6/10  eta10=5/10  eta15=1/10 [attempts=39, elapsed=29.3s]
[16:03:59] seed=149 eta=2.012 -> no match; attempts=40 saves=15 elapsed=30.0s
[16:04:04] saved seed=155 eta=15.129 -> eta15 (idx=2, n1=469, n2=31, margin=-4.6571); counts: eta01=10/10  eta05=6/10  eta10=5/10  eta15=2/10 [attempts=46, elapsed=34.8s]
[16:04:14] seed=169 eta=3.032 -> no match; attempts=60 saves=16 elapsed=45.5s
[16:04:20] saved seed=176 eta=14.625 -> eta15 (idx=3, n1=32, n2=468, margin=-6.6579); counts: eta01=10/10  eta05=6/10  eta10=5/10  eta15=3/10 [attempts=67, elapsed=50.9s]
[16:04:24] saved seed=182 eta=5.098 -> eta05 (idx=7, n1=82, n2=418, margin=-0.1552); counts: eta01=10/10  eta05=7/10  eta10=5/10  eta15=3/10 [attempts=73, elapsed=55.5s]
[16:04:27] saved seed=185 eta=5.173 -> eta05 (idx=8, n1=419, n2=81, margin=-1.0374); counts: eta01=10/10  eta05=8/10  eta10=5/10  eta15=3/10 [attempts=76, elapsed=57.8s]
[16:04:30] seed=189 eta=2.401 -> no match; attempts=80 saves=19 elapsed=60.8s
[16:04:35] saved seed=196 eta=9.638 -> eta10 (idx=6, n1=453, n2=47, margin=-2.6459); counts: eta01=10/10  eta05=8/10  eta10=6/10  eta15=3/10 [attempts=87, elapsed=66.1s]
[16:04:38] saved seed=200 eta=4.556 -> eta05 (idx=9, n1=410, n2=90, margin=-0.4023); counts: eta01=10/10  eta05=9/10  eta10=6/10  eta15=3/10 [attempts=91, elapsed=69.1s]
[16:04:39] saved seed=202 eta=10.364 -> eta10 (idx=7, n1=44, n2=456, margin=0.6943); counts: eta01=10/10  eta05=9/10  eta10=7/10  eta15=3/10 [attempts=93, elapsed=70.6s]
[16:04:40] saved seed=203 eta=10.364 -> eta10 (idx=8, n1=456, n2=44, margin=-4.1614); counts: eta01=10/10  eta05=9/10  eta10=8/10  eta15=3/10 [attempts=94, elapsed=71.4s]
[16:04:45] seed=209 eta=1.703 -> eta01 full; attempts=100 saves=23 elapsed=76.0s
[16:04:46] saved seed=210 eta=4.747 -> eta05 (idx=10, n1=413, n2=87, margin=-0.6743); counts: eta01=10/10  eta05=10/10  eta10=8/10  eta15=3/10 [attempts=101, elapsed=76.7s]
[16:04:46] saved seed=211 eta=10.364 -> eta10 (idx=9, n1=456, n2=44, margin=-4.5002); counts: eta01=10/10  eta05=10/10  eta10=9/10  eta15=3/10 [attempts=102, elapsed=77.5s]
[16:05:00] seed=229 eta=34.714 -> no match; attempts=120 saves=25 elapsed=90.9s
[16:05:04] saved seed=235 eta=15.129 -> eta15 (idx=4, n1=469, n2=31, margin=-7.0466); counts: eta01=10/10  eta05=10/10  eta10=9/10  eta15=4/10 [attempts=126, elapsed=95.7s]
[16:05:15] seed=249 eta=1.119 -> eta01 full; attempts=140 saves=26 elapsed=106.6s
[16:05:31] saved seed=269 eta=9.417 -> eta10 (idx=10, n1=452, n2=48, margin=-2.9539); counts: eta01=10/10  eta05=10/10  eta10=10/10  eta15=4/10 [attempts=160, elapsed=122.1s]
[16:05:47] seed=289 eta=9.638 -> eta10 full; attempts=180 saves=27 elapsed=137.7s
[16:05:47] saved seed=290 eta=14.152 -> eta15 (idx=5, n1=467, n2=33, margin=-2.9455); counts: eta01=10/10  eta05=10/10  eta10=10/10  eta15=5/10 [attempts=181, elapsed=138.5s]
[16:06:02] seed=309 eta=1.513 -> eta01 full; attempts=200 saves=28 elapsed=152.8s
[16:06:16] seed=329 eta=2.472 -> no match; attempts=220 saves=28 elapsed=167.4s
[16:06:31] seed=349 eta=7.475 -> no match; attempts=240 saves=28 elapsed=182.3s
[16:06:46] seed=369 eta=7.475 -> no match; attempts=260 saves=28 elapsed=196.9s
[16:07:00] seed=389 eta=7.475 -> no match; attempts=280 saves=28 elapsed=211.4s
[16:07:06] saved seed=396 eta=14.625 -> eta15 (idx=6, n1=468, n2=32, margin=0.9449); counts: eta01=10/10  eta05=10/10  eta10=10/10  eta15=6/10 [attempts=287, elapsed=216.7s]
[16:07:15] seed=409 eta=3.673 -> no match; attempts=300 saves=29 elapsed=226.4s
[16:07:17] saved seed=411 eta=15.667 -> eta15 (idx=7, n1=30, n2=470, margin=-3.9389); counts: eta01=10/10  eta05=10/10  eta10=10/10  eta15=7/10 [attempts=302, elapsed=227.9s]
[16:07:30] seed=429 eta=7.333 -> no match; attempts=320 saves=30 elapsed=240.9s
[16:07:44] seed=449 eta=5.579 -> eta05 full; attempts=340 saves=30 elapsed=255.2s
[16:07:58] seed=469 eta=3.098 -> no match; attempts=360 saves=30 elapsed=269.6s
[16:08:13] seed=489 eta=1.326 -> eta01 full; attempts=380 saves=30 elapsed=284.1s
[16:08:14] saved seed=491 eta=14.152 -> eta15 (idx=8, n1=467, n2=33, margin=-0.4276); counts: eta01=10/10  eta05=10/10  eta10=10/10  eta15=8/10 [attempts=382, elapsed=285.6s]
[16:08:17] saved seed=494 eta=15.129 -> eta15 (idx=9, n1=31, n2=469, margin=-7.4858); counts: eta01=10/10  eta05=10/10  eta10=10/10  eta15=9/10 [attempts=385, elapsed=287.8s]
[16:08:28] seed=509 eta=3.505 -> no match; attempts=400 saves=32 elapsed=298.7s
[16:08:32] saved seed=515 eta=14.625 -> eta15 (idx=10, n1=32, n2=468, margin=-3.7815); counts: eta01=10/10  eta05=10/10  eta10=10/10  eta15=10/10 [attempts=406, elapsed=303.0s]
[16:08:32] done. attempts_this_run=406 saves_this_run=33 total_attempts=516 elapsed=303.0s
[16:08:32] final counts: eta01=10/10  eta05=10/10  eta10=10/10  eta15=10/10
[16:08:32] all bins are full.
