[00:13:29] new pool: n4000_L10000_mu0p1000_kingman_pop1p0000_JC69
[00:13:29] params: n=4000 mu=0.1 pop_size=1.0 L=10000 model=kingman; targets=[1, 5, 10, 15] tol=±1.0; samples/bin=20; seed_start=0; max_attempts=12000; num_workers=8
[00:13:29] current bin counts: eta01=0/20  eta05=0/20  eta10=0/20  eta15=0/20
[00:22:21] saved seed=19 eta=1.062 -> eta01 idx=1 (n1=2060.0, n2=1940.0, margin=0.0239); counts: eta01=1/20  eta05=0/20  eta10=0/20  eta15=0/20 [attempts=12, saves=1, invalid=0, elapsed=532.5s]
[00:22:26] saved seed=9 eta=1.326 -> eta01 idx=2 (n1=1720.0, n2=2280.0, margin=0.9783); counts: eta01=2/20  eta05=0/20  eta10=0/20  eta15=0/20 [attempts=14, saves=2, invalid=0, elapsed=536.8s]
[00:22:26] saved seed=11 eta=1.153 -> eta01 idx=3 (n1=1858.0, n2=2142.0, margin=0.5454); counts: eta01=3/20  eta05=0/20  eta10=0/20  eta15=0/20 [attempts=16, saves=3, invalid=0, elapsed=536.9s]
[00:22:26] saved seed=28 eta=1.602 -> eta01 idx=4 (n1=2463.0, n2=1537.0, margin=-0.0836); counts: eta01=4/20  eta05=0/20  eta10=0/20  eta15=0/20 [attempts=17, saves=4, invalid=0, elapsed=536.9s]
[00:22:26] saved seed=29 eta=1.356 -> eta01 idx=5 (n1=2302.0, n2=1698.0, margin=0.7893); counts: eta01=5/20  eta05=0/20  eta10=0/20  eta15=0/20 [attempts=18, saves=5, invalid=0, elapsed=536.9s]
[00:22:26] seed=31 eta=1.867 -> eta01 invalid bipartition; attempts=20 saves=5 invalid=1 elapsed=536.9s
[00:22:27] saved seed=25 eta=5.116 -> eta05 idx=1 (n1=654.0, n2=3346.0, margin=0.6282); counts: eta01=5/20  eta05=1/20  eta10=0/20  eta15=0/20 [attempts=22, saves=6, invalid=1, elapsed=537.9s]
[00:22:27] saved seed=26 eta=1.142 -> eta01 idx=6 (n1=2133.0, n2=1867.0, margin=0.6758); counts: eta01=6/20  eta05=1/20  eta10=0/20  eta15=0/20 [attempts=23, saves=7, invalid=1, elapsed=537.9s]
[00:22:28] saved seed=13 eta=1.028 -> eta01 idx=7 (n1=2028.0, n2=1972.0, margin=0.6011); counts: eta01=7/20  eta05=1/20  eta10=0/20  eta15=0/20 [attempts=26, saves=8, invalid=1, elapsed=539.5s]
[00:22:28] saved seed=14 eta=1.604 -> eta01 idx=8 (n1=1536.0, n2=2464.0, margin=0.2910); counts: eta01=8/20  eta05=1/20  eta10=0/20  eta15=0/20 [attempts=27, saves=9, invalid=1, elapsed=539.5s]
[00:22:28] saved seed=15 eta=1.123 -> eta01 idx=9 (n1=2116.0, n2=1884.0, margin=0.6410); counts: eta01=9/20  eta05=1/20  eta10=0/20  eta15=0/20 [attempts=28, saves=10, invalid=1, elapsed=539.5s]
[00:22:28] saved seed=5 eta=1.009 -> eta01 idx=10 (n1=2009.0, n2=1991.0, margin=-0.0001); counts: eta01=10/20  eta05=1/20  eta10=0/20  eta15=0/20 [attempts=30, saves=11, invalid=1, elapsed=539.6s]
[00:22:28] saved seed=7 eta=1.070 -> eta01 idx=11 (n1=2068.0, n2=1932.0, margin=-0.0611); counts: eta01=11/20  eta05=1/20  eta10=0/20  eta15=0/20 [attempts=32, saves=12, invalid=1, elapsed=539.6s]
[01:27:09] saved seed=33 eta=1.640 -> eta01 idx=12 (n1=2485.0, n2=1515.0, margin=0.7333); counts: eta01=12/20  eta05=1/20  eta10=0/20  eta15=0/20 [attempts=34, saves=13, invalid=1, elapsed=4420.4s]
[01:27:09] saved seed=34 eta=1.574 -> eta01 idx=13 (n1=2446.0, n2=1554.0, margin=-0.0595); counts: eta01=13/20  eta05=1/20  eta10=0/20  eta15=0/20 [attempts=35, saves=14, invalid=1, elapsed=4420.4s]
[01:27:21] saved seed=48 eta=4.674 -> eta05 idx=2 (n1=3295.0, n2=705.0, margin=-0.5792); counts: eta01=13/20  eta05=2/20  eta10=0/20  eta15=0/20 [attempts=37, saves=15, invalid=1, elapsed=4432.1s]
[01:27:21] seed=51 eta=1332.333 no match; attempts=40 saves=15 invalid=1 elapsed=4432.1s
[01:27:22] saved seed=42 eta=1.505 -> eta01 idx=14 (n1=2403.0, n2=1597.0, margin=-0.5142); counts: eta01=14/20  eta05=2/20  eta10=0/20  eta15=0/20 [attempts=43, saves=16, invalid=1, elapsed=4433.3s]
[01:27:28] saved seed=36 eta=1.571 -> eta01 idx=15 (n1=1556.0, n2=2444.0, margin=-0.6492); counts: eta01=15/20  eta05=2/20  eta10=0/20  eta15=0/20 [attempts=45, saves=17, invalid=1, elapsed=4439.1s]
[01:27:28] saved seed=39 eta=1.000 -> eta01 idx=16 (n1=2000.0, n2=2000.0, margin=0.5350); counts: eta01=16/20  eta05=2/20  eta10=0/20  eta15=0/20 [attempts=48, saves=18, invalid=1, elapsed=4439.1s]
[01:27:30] saved seed=52 eta=14.267 -> eta15 idx=1 (n1=262.0, n2=3738.0, margin=-7.2286); counts: eta01=16/20  eta05=2/20  eta10=0/20  eta15=1/20 [attempts=49, saves=19, invalid=1, elapsed=4441.3s]
[01:27:32] saved seed=46 eta=1.140 -> eta01 idx=17 (n1=1869.0, n2=2131.0, margin=0.0028); counts: eta01=17/20  eta05=2/20  eta10=0/20  eta15=1/20 [attempts=55, saves=20, invalid=1, elapsed=4442.7s]
[01:27:32] saved seed=47 eta=1.315 -> eta01 idx=18 (n1=1728.0, n2=2272.0, margin=-0.0706); counts: eta01=18/20  eta05=2/20  eta10=0/20  eta15=1/20 [attempts=56, saves=21, invalid=1, elapsed=4442.7s]
[01:27:34] saved seed=57 eta=1.890 -> eta01 idx=19 (n1=2616.0, n2=1384.0, margin=0.5749); counts: eta01=19/20  eta05=2/20  eta10=0/20  eta15=1/20 [attempts=58, saves=22, invalid=1, elapsed=4444.7s]
[01:27:34] saved seed=59 eta=5.144 -> eta05 idx=3 (n1=3349.0, n2=651.0, margin=-1.7666); counts: eta01=19/20  eta05=3/20  eta10=0/20  eta15=1/20 [attempts=60, saves=23, invalid=1, elapsed=4444.7s]
[01:27:34] saved seed=60 eta=1.551 -> eta01 idx=20 (n1=2432.0, n2=1568.0, margin=-0.1788); counts: eta01=20/20  eta05=3/20  eta10=0/20  eta15=1/20 [attempts=61, saves=24, invalid=1, elapsed=4444.9s]
[03:07:53] saved seed=72 eta=5.723 -> eta05 idx=4 (n1=595.0, n2=3405.0, margin=-2.5333); counts: eta01=20/20  eta05=4/20  eta10=0/20  eta15=1/20 [attempts=73, saves=25, invalid=1, elapsed=10464.3s]
[03:07:53] seed=83 eta=3.292 no match; attempts=80 saves=25 invalid=1 elapsed=10464.5s
[03:07:53] saved seed=94 eta=15.000 -> eta15 idx=2 (n1=3750.0, n2=250.0, margin=-7.3038); counts: eta01=20/20  eta05=4/20  eta10=0/20  eta15=2/20 [attempts=83, saves=26, invalid=1, elapsed=10464.5s]
[03:07:53] saved seed=84 eta=5.107 -> eta05 idx=5 (n1=655.0, n2=3345.0, margin=0.0719); counts: eta01=20/20  eta05=5/20  eta10=0/20  eta15=2/20 [attempts=89, saves=27, invalid=1, elapsed=10464.6s]
[04:59:29] seed=99 eta=1.235 -> eta01 already full; attempts=100 saves=27 invalid=1 elapsed=17160.2s
[04:59:32] saved seed=103 eta=9.667 -> eta10 idx=1 (n1=375.0, n2=3625.0, margin=-3.2131); counts: eta01=20/20  eta05=5/20  eta10=1/20  eta15=2/20 [attempts=104, saves=28, invalid=1, elapsed=17163.2s]
[04:59:36] saved seed=105 eta=5.240 -> eta05 idx=6 (n1=641.0, n2=3359.0, margin=-1.0324); counts: eta01=20/20  eta05=6/20  eta10=1/20  eta15=2/20 [attempts=118, saves=29, invalid=1, elapsed=17166.7s]
[04:59:36] seed=107 eta=2.735 no match; attempts=120 saves=29 invalid=1 elapsed=17166.7s
[04:59:36] saved seed=121 eta=5.163 -> eta05 idx=7 (n1=649.0, n2=3351.0, margin=-2.3455); counts: eta01=20/20  eta05=7/20  eta10=1/20  eta15=2/20 [attempts=122, saves=30, invalid=1, elapsed=17167.2s]
[06:35:29] saved seed=130 eta=14.625 -> eta15 idx=3 (n1=256.0, n2=3744.0, margin=-8.2105); counts: eta01=20/20  eta05=7/20  eta10=1/20  eta15=3/20 [attempts=131, saves=31, invalid=1, elapsed=22920.1s]
[06:35:36] seed=151 eta=3.728 no match; attempts=140 saves=31 invalid=1 elapsed=22927.2s
[06:35:37] saved seed=145 eta=14.504 -> eta15 idx=4 (n1=258.0, n2=3742.0, margin=-6.7951); counts: eta01=20/20  eta05=7/20  eta10=1/20  eta15=4/20 [attempts=142, saves=32, invalid=1, elapsed=22928.6s]
[06:35:38] saved seed=158 eta=9.204 -> eta10 idx=2 (n1=3608.0, n2=392.0, margin=-2.9873); counts: eta01=20/20  eta05=7/20  eta10=2/20  eta15=4/20 [attempts=155, saves=33, invalid=1, elapsed=22929.6s]
[06:35:38] saved seed=159 eta=4.051 -> eta05 idx=8 (n1=792.0, n2=3208.0, margin=0.7113); counts: eta01=20/20  eta05=8/20  eta10=2/20  eta15=4/20 [attempts=156, saves=34, invalid=1, elapsed=22929.6s]
[06:35:39] saved seed=143 eta=5.431 -> eta05 idx=9 (n1=3378.0, n2=622.0, margin=-1.7192); counts: eta01=20/20  eta05=9/20  eta10=2/20  eta15=4/20 [attempts=160, saves=35, invalid=1, elapsed=22929.9s]
[08:21:08] saved seed=167 eta=4.935 -> eta05 idx=10 (n1=674.0, n2=3326.0, margin=-0.1172); counts: eta01=20/20  eta05=10/20  eta10=2/20  eta15=4/20 [attempts=168, saves=36, invalid=1, elapsed=29259.0s]
[08:21:09] saved seed=171 eta=10.019 -> eta10 idx=3 (n1=3637.0, n2=363.0, margin=-4.3667); counts: eta01=20/20  eta05=10/20  eta10=3/20  eta15=4/20 [attempts=176, saves=37, invalid=1, elapsed=29260.2s]
[08:21:09] seed=183 eta=999.000 no match; attempts=180 saves=37 invalid=1 elapsed=29260.5s
[08:21:10] saved seed=185 eta=4.634 -> eta05 idx=11 (n1=3290.0, n2=710.0, margin=0.2116); counts: eta01=20/20  eta05=11/20  eta10=3/20  eta15=4/20 [attempts=186, saves=38, invalid=1, elapsed=29261.1s]
[08:21:10] saved seed=186 eta=9.899 -> eta10 idx=4 (n1=3633.0, n2=367.0, margin=-2.3856); counts: eta01=20/20  eta05=11/20  eta10=4/20  eta15=4/20 [attempts=187, saves=39, invalid=1, elapsed=29261.1s]
[08:21:10] saved seed=191 eta=4.510 -> eta05 idx=12 (n1=3274.0, n2=726.0, margin=0.8217); counts: eta01=20/20  eta05=12/20  eta10=4/20  eta15=4/20 [attempts=192, saves=40, invalid=1, elapsed=29261.6s]
[09:55:52] seed=199 eta=21.857 no match; attempts=200 saves=40 invalid=1 elapsed=34943.6s
[09:55:55] saved seed=211 eta=4.874 -> eta05 idx=13 (n1=3319.0, n2=681.0, margin=0.7177); counts: eta01=20/20  eta05=13/20  eta10=4/20  eta15=4/20 [attempts=216, saves=41, invalid=1, elapsed=34945.8s]
[09:55:56] saved seed=202 eta=4.479 -> eta05 idx=14 (n1=3270.0, n2=730.0, margin=-0.6695); counts: eta01=20/20  eta05=14/20  eta10=4/20  eta15=4/20 [attempts=219, saves=42, invalid=1, elapsed=34947.4s]
[09:55:56] saved seed=203 eta=10.494 -> eta10 idx=5 (n1=3652.0, n2=348.0, margin=-0.9376); counts: eta01=20/20  eta05=14/20  eta10=5/20  eta15=4/20 [attempts=220, saves=43, invalid=1, elapsed=34947.4s]
[09:55:56] saved seed=220 eta=4.917 -> eta05 idx=15 (n1=3324.0, n2=676.0, margin=-2.0408); counts: eta01=20/20  eta05=15/20  eta10=5/20  eta15=4/20 [attempts=221, saves=44, invalid=1, elapsed=34947.5s]
[09:55:56] saved seed=223 eta=14.936 -> eta15 idx=5 (n1=251.0, n2=3749.0, margin=-3.8320); counts: eta01=20/20  eta05=15/20  eta10=5/20  eta15=5/20 [attempts=224, saves=45, invalid=1, elapsed=34947.5s]
[09:59:27] saved seed=225 eta=15.260 -> eta15 idx=6 (n1=246.0, n2=3754.0, margin=-0.2909); counts: eta01=20/20  eta05=15/20  eta10=5/20  eta15=6/20 [attempts=226, saves=46, invalid=1, elapsed=35158.0s]
[09:59:27] saved seed=226 eta=4.618 -> eta05 idx=16 (n1=712.0, n2=3288.0, margin=-0.5684); counts: eta01=20/20  eta05=16/20  eta10=5/20  eta15=6/20 [attempts=227, saves=47, invalid=1, elapsed=35158.0s]
[09:59:27] saved seed=227 eta=10.976 -> eta10 idx=6 (n1=334.0, n2=3666.0, margin=-2.8104); counts: eta01=20/20  eta05=16/20  eta10=6/20  eta15=6/20 [attempts=228, saves=48, invalid=1, elapsed=35158.0s]
[10:00:38] seed=251 eta=2.008 no match; attempts=240 saves=48 invalid=1 elapsed=35228.8s
[10:00:39] saved seed=255 eta=10.594 -> eta10 idx=7 (n1=3655.0, n2=345.0, margin=-0.4827); counts: eta01=20/20  eta05=16/20  eta10=7/20  eta15=6/20 [attempts=252, saves=49, invalid=1, elapsed=35230.6s]
[10:00:40] saved seed=242 eta=4.450 -> eta05 idx=17 (n1=734.0, n2=3266.0, margin=-2.6416); counts: eta01=20/20  eta05=17/20  eta10=7/20  eta15=6/20 [attempts=255, saves=50, invalid=1, elapsed=35231.0s]
[10:05:35] seed=259 eta=1.165 -> eta01 already full; attempts=260 saves=50 invalid=1 elapsed=35526.6s
[10:06:50] saved seed=262 eta=5.240 -> eta05 idx=18 (n1=641.0, n2=3359.0, margin=-1.4542); counts: eta01=20/20  eta05=18/20  eta10=7/20  eta15=6/20 [attempts=263, saves=51, invalid=1, elapsed=35600.7s]
[10:07:14] saved seed=266 eta=4.997 -> eta05 idx=19 (n1=667.0, n2=3333.0, margin=0.1869); counts: eta01=20/20  eta05=19/20  eta10=7/20  eta15=6/20 [attempts=267, saves=52, invalid=1, elapsed=35625.1s]
[10:07:15] saved seed=285 eta=4.427 -> eta05 idx=20 (n1=737.0, n2=3263.0, margin=0.8489); counts: eta01=20/20  eta05=20/20  eta10=7/20  eta15=6/20 [attempts=270, saves=53, invalid=1, elapsed=35625.8s]
[10:07:17] seed=283 eta=96.561 no match; attempts=280 saves=53 invalid=1 elapsed=35628.1s
[10:07:17] saved seed=277 eta=9.870 -> eta10 idx=8 (n1=3632.0, n2=368.0, margin=-4.5335); counts: eta01=20/20  eta05=20/20  eta10=8/20  eta15=6/20 [attempts=282, saves=54, invalid=1, elapsed=35628.5s]
[10:14:09] seed=303 eta=4.979 -> eta05 already full; attempts=300 saves=54 invalid=1 elapsed=36039.8s
[10:14:14] seed=307 eta=1.663 -> eta01 already full; attempts=320 saves=54 invalid=1 elapsed=36045.5s
[10:22:45] saved seed=320 eta=9.417 -> eta10 idx=9 (n1=3616.0, n2=384.0, margin=-1.3019); counts: eta01=20/20  eta05=20/20  eta10=9/20  eta15=6/20 [attempts=321, saves=55, invalid=1, elapsed=36555.7s]
[10:24:16] seed=347 eta=4.610 -> eta05 already full; attempts=340 saves=55 invalid=1 elapsed=36647.6s
[10:28:52] seed=355 eta=1.223 -> eta01 already full; attempts=360 saves=55 invalid=1 elapsed=36923.2s
[10:30:25] seed=383 eta=2.571 no match; attempts=380 saves=55 invalid=1 elapsed=37015.9s
[10:36:34] seed=395 eta=1.646 -> eta01 already full; attempts=400 saves=55 invalid=1 elapsed=37385.2s
[10:36:38] saved seed=406 eta=9.204 -> eta10 idx=10 (n1=3608.0, n2=392.0, margin=-1.4825); counts: eta01=20/20  eta05=20/20  eta10=10/20  eta15=6/20 [attempts=411, saves=56, invalid=1, elapsed=37389.2s]
[10:41:30] seed=419 eta=32.333 no match; attempts=420 saves=56 invalid=1 elapsed=37681.5s
[10:42:59] saved seed=426 eta=14.444 -> eta15 idx=7 (n1=259.0, n2=3741.0, margin=-2.4958); counts: eta01=20/20  eta05=20/20  eta10=10/20  eta15=7/20 [attempts=427, saves=57, invalid=1, elapsed=37770.4s]
[10:43:05] seed=447 eta=3.684 no match; attempts=440 saves=57 invalid=1 elapsed=37776.6s
[10:43:07] saved seed=435 eta=9.000 -> eta10 idx=11 (n1=400.0, n2=3600.0, margin=-0.5118); counts: eta01=20/20  eta05=20/20  eta10=11/20  eta15=7/20 [attempts=448, saves=58, invalid=1, elapsed=37777.8s]
[10:48:05] saved seed=448 eta=9.782 -> eta10 idx=12 (n1=371.0, n2=3629.0, margin=-1.7310); counts: eta01=20/20  eta05=20/20  eta10=12/20  eta15=7/20 [attempts=449, saves=59, invalid=1, elapsed=38075.9s]
[10:49:47] seed=459 eta=1.221 -> eta01 already full; attempts=460 saves=59 invalid=1 elapsed=38178.5s
[10:49:53] seed=479 eta=1.228 -> eta01 already full; attempts=480 saves=59 invalid=1 elapsed=38184.0s
[10:56:27] seed=491 eta=1.500 -> eta01 already full; attempts=500 saves=59 invalid=1 elapsed=38577.8s
[11:02:24] saved seed=519 eta=9.444 -> eta10 idx=13 (n1=383.0, n2=3617.0, margin=-3.1463); counts: eta01=20/20  eta05=20/20  eta10=13/20  eta15=7/20 [attempts=520, saves=60, invalid=1, elapsed=38935.4s]
[11:04:14] seed=539 eta=1.639 -> eta01 already full; attempts=540 saves=60 invalid=1 elapsed=39045.6s
===== RESUME 2026-05-25 21:21:23 =====
[21:21:25] resuming pool: n4000_L10000_mu0p1000_kingman_pop1p0000_JC69
[21:21:25] params: n=4000 mu=0.1 pop_size=1.0 L=10000 model=kingman; targets=[1, 5, 10, 15] tol=±1.0; samples/bin=20; seed_start=520; max_attempts=8000; num_workers=6
[21:21:25] current bin counts: eta01=20/20  eta05=20/20  eta10=13/20  eta15=7/20
[21:26:29] saved seed=535 eta=14.810 -> eta15 idx=8 (n1=253.0, n2=3747.0, margin=-5.6163); counts: eta01=20/20  eta05=20/20  eta10=13/20  eta15=8/20 [attempts=16, saves=1, invalid=0, elapsed=304.0s]
[21:26:30] saved seed=527 eta=9.204 -> eta10 idx=14 (n1=3608.0, n2=392.0, margin=-2.7483); counts: eta01=20/20  eta05=20/20  eta10=14/20  eta15=8/20 [attempts=20, saves=2, invalid=0, elapsed=304.1s]
[21:26:30] saved seed=531 eta=10.527 -> eta10 idx=15 (n1=347.0, n2=3653.0, margin=-0.8958); counts: eta01=20/20  eta05=20/20  eta10=15/20  eta15=8/20 [attempts=24, saves=3, invalid=0, elapsed=304.2s]
[21:31:33] saved seed=544 eta=10.364 -> eta10 idx=16 (n1=352.0, n2=3648.0, margin=-2.1775); counts: eta01=20/20  eta05=20/20  eta10=16/20  eta15=8/20 [attempts=33, saves=4, invalid=0, elapsed=607.8s]
[21:31:34] seed=563 eta=4.000 -> eta05 already full; attempts=40 saves=4 invalid=0 elapsed=608.5s
[21:36:27] saved seed=574 eta=10.364 -> eta10 idx=17 (n1=352.0, n2=3648.0, margin=-0.5994); counts: eta01=20/20  eta05=20/20  eta10=17/20  eta15=8/20 [attempts=55, saves=5, invalid=0, elapsed=901.1s]
[21:36:27] seed=591 eta=2.132 no match; attempts=60 saves=5 invalid=0 elapsed=901.1s
[21:36:27] saved seed=582 eta=10.236 -> eta10 idx=18 (n1=3644.0, n2=356.0, margin=-4.2413); counts: eta01=20/20  eta05=20/20  eta10=18/20  eta15=8/20 [attempts=67, saves=6, invalid=0, elapsed=901.5s]
[21:41:13] seed=599 eta=6.394 no match; attempts=80 saves=6 invalid=0 elapsed=1187.0s
[21:41:14] saved seed=612 eta=9.667 -> eta10 idx=19 (n1=375.0, n2=3625.0, margin=-0.5705); counts: eta01=20/20  eta05=20/20  eta10=19/20  eta15=8/20 [attempts=93, saves=7, invalid=0, elapsed=1188.4s]
[21:46:01] saved seed=619 eta=14.625 -> eta15 idx=9 (n1=3744.0, n2=256.0, margin=-6.9968); counts: eta01=20/20  eta05=20/20  eta10=19/20  eta15=9/20 [attempts=100, saves=8, invalid=0, elapsed=1475.3s]
[21:46:11] seed=635 eta=1.554 -> eta01 already full; attempts=120 saves=8 invalid=0 elapsed=1485.1s
[21:51:15] seed=655 eta=4.384 -> eta05 already full; attempts=140 saves=8 invalid=0 elapsed=1789.3s
[21:51:15] saved seed=650 eta=9.610 -> eta10 idx=20 (n1=377.0, n2=3623.0, margin=-2.7665); counts: eta01=20/20  eta05=20/20  eta10=20/20  eta15=9/20 [attempts=143, saves=9, invalid=0, elapsed=1789.9s]
[22:02:06] saved seed=666 eta=14.444 -> eta15 idx=10 (n1=259.0, n2=3741.0, margin=-7.5235); counts: eta01=20/20  eta05=20/20  eta10=20/20  eta15=10/20 [attempts=147, saves=10, invalid=0, elapsed=2440.9s]
[22:02:44] seed=683 eta=2.387 no match; attempts=160 saves=10 invalid=0 elapsed=2478.8s
[22:02:46] saved seed=674 eta=14.810 -> eta15 idx=11 (n1=3747.0, n2=253.0, margin=-2.0942); counts: eta01=20/20  eta05=20/20  eta10=20/20  eta15=11/20 [attempts=163, saves=11, invalid=0, elapsed=2480.8s]
[22:07:34] seed=699 eta=9.204 -> eta10 already full; attempts=180 saves=11 invalid=0 elapsed=2768.6s
[22:12:12] seed=719 eta=5.515 -> eta05 already full; attempts=200 saves=11 invalid=0 elapsed=3046.6s
[22:16:32] seed=739 eta=5.504 -> eta05 already full; attempts=220 saves=11 invalid=0 elapsed=3306.3s
