[22:14:12] new pool: n2000_L10000_mu0p1000_kingman_pop1p0000_JC69
[22:14:12] params: n=2000 mu=0.1 pop_size=1.0 L=10000 model=kingman; targets=[1, 5, 10, 15] tol=±1.0; samples/bin=20; starting seed=0; max_attempts=3000
[22:14:12] current bin counts: eta01=0/20  eta05=0/20  eta10=0/20  eta15=0/20
[22:14:42] saved seed=3 eta=10.628 -> eta10 (idx=1, n1=1828, n2=172, margin=-4.9148); counts: eta01=0/20  eta05=0/20  eta10=1/20  eta15=0/20 [attempts=4, elapsed=30.3s]
[22:14:57] saved seed=5 eta=9.811 -> eta10 (idx=2, n1=1815, n2=185, margin=-2.9127); counts: eta01=0/20  eta05=0/20  eta10=2/20  eta15=0/20 [attempts=6, elapsed=45.0s]
[22:15:04] saved seed=6 eta=1.043 -> eta01 (idx=1, n1=1021, n2=979, margin=-0.2132); counts: eta01=1/20  eta05=0/20  eta10=2/20  eta15=0/20 [attempts=7, elapsed=52.5s]
[22:15:11] saved seed=7 eta=5.623 -> eta05 (idx=1, n1=302, n2=1698, margin=-1.4816); counts: eta01=1/20  eta05=1/20  eta10=2/20  eta15=0/20 [attempts=8, elapsed=59.8s]
[22:15:26] saved seed=9 eta=4.602 -> eta05 (idx=2, n1=1643, n2=357, margin=-0.3677); counts: eta01=1/20  eta05=2/20  eta10=2/20  eta15=0/20 [attempts=10, elapsed=74.9s]
[22:15:34] saved seed=10 eta=1.121 -> eta01 (idx=2, n1=1057, n2=943, margin=0.4450); counts: eta01=2/20  eta05=2/20  eta10=2/20  eta15=0/20 [attempts=11, elapsed=82.3s]
[22:15:41] saved seed=11 eta=14.504 -> eta15 (idx=1, n1=129, n2=1871, margin=-5.0291); counts: eta01=2/20  eta05=2/20  eta10=2/20  eta15=1/20 [attempts=12, elapsed=89.6s]
[22:16:04] saved seed=14 eta=1.064 -> eta01 (idx=3, n1=969, n2=1031, margin=0.7759); counts: eta01=3/20  eta05=2/20  eta10=2/20  eta15=1/20 [attempts=15, elapsed=112.2s]
[22:16:19] saved seed=16 eta=4.038 -> eta05 (idx=3, n1=397, n2=1603, margin=-0.7637); counts: eta01=3/20  eta05=3/20  eta10=2/20  eta15=1/20 [attempts=17, elapsed=127.2s]
[22:16:50] saved seed=20 eta=10.364 -> eta10 (idx=3, n1=176, n2=1824, margin=-4.6623); counts: eta01=3/20  eta05=3/20  eta10=3/20  eta15=1/20 [attempts=21, elapsed=158.4s]
[22:17:20] saved seed=24 eta=1.058 -> eta01 (idx=4, n1=972, n2=1028, margin=0.7726); counts: eta01=4/20  eta05=3/20  eta10=3/20  eta15=1/20 [attempts=25, elapsed=188.3s]
[22:17:58] saved seed=29 eta=9.929 -> eta10 (idx=4, n1=1817, n2=183, margin=-3.6808); counts: eta01=4/20  eta05=3/20  eta10=4/20  eta15=1/20 [attempts=30, elapsed=226.9s]
[22:18:06] saved seed=30 eta=4.051 -> eta05 (idx=4, n1=396, n2=1604, margin=-1.4436); counts: eta01=4/20  eta05=4/20  eta10=4/20  eta15=1/20 [attempts=31, elapsed=234.7s]
[22:18:14] saved seed=31 eta=4.291 -> eta05 (idx=5, n1=1622, n2=378, margin=-0.5960); counts: eta01=4/20  eta05=5/20  eta10=4/20  eta15=1/20 [attempts=32, elapsed=242.3s]
[22:18:29] saved seed=33 eta=1.554 -> eta01 (idx=5, n1=783, n2=1217, margin=0.4776); counts: eta01=5/20  eta05=5/20  eta10=4/20  eta15=1/20 [attempts=34, elapsed=257.4s]
[22:18:37] saved seed=34 eta=1.203 -> eta01 (idx=6, n1=908, n2=1092, margin=0.3649); counts: eta01=6/20  eta05=5/20  eta10=4/20  eta15=1/20 [attempts=35, elapsed=265.0s]
[22:18:52] saved seed=36 eta=1.451 -> eta01 (idx=7, n1=816, n2=1184, margin=-0.2423); counts: eta01=7/20  eta05=5/20  eta10=4/20  eta15=1/20 [attempts=37, elapsed=280.1s]
[22:19:21] saved seed=40 eta=1.250 -> eta01 (idx=8, n1=1111, n2=889, margin=0.4164); counts: eta01=8/20  eta05=5/20  eta10=4/20  eta15=1/20 [attempts=41, elapsed=309.4s]
[22:19:28] saved seed=41 eta=5.873 -> eta05 (idx=6, n1=1709, n2=291, margin=0.7203); counts: eta01=8/20  eta05=6/20  eta10=4/20  eta15=1/20 [attempts=42, elapsed=316.8s]
[22:19:36] saved seed=42 eta=1.345 -> eta01 (idx=9, n1=1147, n2=853, margin=0.3791); counts: eta01=9/20  eta05=6/20  eta10=4/20  eta15=1/20 [attempts=43, elapsed=324.1s]
[22:19:43] saved seed=43 eta=1.000 -> eta01 (idx=10, n1=1000, n2=1000, margin=0.5344); counts: eta01=10/20  eta05=6/20  eta10=4/20  eta15=1/20 [attempts=44, elapsed=331.6s]
[22:19:51] saved seed=44 eta=1.635 -> eta01 (idx=11, n1=759, n2=1241, margin=0.5996); counts: eta01=11/20  eta05=6/20  eta10=4/20  eta15=1/20 [attempts=45, elapsed=339.2s]
[22:19:58] saved seed=45 eta=9.471 -> eta10 (idx=5, n1=1809, n2=191, margin=0.8960); counts: eta01=11/20  eta05=6/20  eta10=5/20  eta15=1/20 [attempts=46, elapsed=346.7s]
[22:20:13] saved seed=47 eta=1.157 -> eta01 (idx=12, n1=1073, n2=927, margin=0.1451); counts: eta01=12/20  eta05=6/20  eta10=5/20  eta15=1/20 [attempts=48, elapsed=361.5s]
[22:20:29] seed=49 eta=3.454 -> no match; attempts=50 saves=24 elapsed=377.7s
[22:20:37] saved seed=50 eta=1.817 -> eta01 (idx=13, n1=710, n2=1290, margin=0.1470); counts: eta01=13/20  eta05=6/20  eta10=5/20  eta15=1/20 [attempts=51, elapsed=385.2s]
[22:20:51] saved seed=52 eta=4.571 -> eta05 (idx=7, n1=1641, n2=359, margin=0.5193); counts: eta01=13/20  eta05=7/20  eta10=5/20  eta15=1/20 [attempts=53, elapsed=399.8s]
[22:21:06] saved seed=54 eta=1.433 -> eta01 (idx=14, n1=822, n2=1178, margin=0.5644); counts: eta01=14/20  eta05=7/20  eta10=5/20  eta15=1/20 [attempts=55, elapsed=414.7s]
[22:21:13] saved seed=55 eta=15.000 -> eta15 (idx=2, n1=125, n2=1875, margin=-5.5549); counts: eta01=14/20  eta05=7/20  eta10=5/20  eta15=2/20 [attempts=56, elapsed=422.0s]
[22:21:21] saved seed=56 eta=1.478 -> eta01 (idx=15, n1=1193, n2=807, margin=0.2417); counts: eta01=15/20  eta05=7/20  eta10=5/20  eta15=2/20 [attempts=57, elapsed=429.3s]
[22:21:50] saved seed=60 eta=4.556 -> eta05 (idx=8, n1=1640, n2=360, margin=0.1551); counts: eta01=15/20  eta05=8/20  eta10=5/20  eta15=2/20 [attempts=61, elapsed=458.5s]
[22:22:05] saved seed=62 eta=1.567 -> eta01 (idx=16, n1=779, n2=1221, margin=0.2283); counts: eta01=16/20  eta05=8/20  eta10=5/20  eta15=2/20 [attempts=63, elapsed=473.1s]
[22:22:12] saved seed=63 eta=1.551 -> eta01 (idx=17, n1=1216, n2=784, margin=0.0954); counts: eta01=17/20  eta05=8/20  eta10=5/20  eta15=2/20 [attempts=64, elapsed=480.5s]
[22:22:34] saved seed=66 eta=4.277 -> eta05 (idx=9, n1=1621, n2=379, margin=0.2322); counts: eta01=17/20  eta05=9/20  eta10=5/20  eta15=2/20 [attempts=67, elapsed=502.3s]
[22:22:41] saved seed=67 eta=1.413 -> eta01 (idx=18, n1=829, n2=1171, margin=0.4060); counts: eta01=18/20  eta05=9/20  eta10=5/20  eta15=2/20 [attempts=68, elapsed=509.6s]
[22:22:48] saved seed=68 eta=1.384 -> eta01 (idx=19, n1=839, n2=1161, margin=-0.2428); counts: eta01=19/20  eta05=9/20  eta10=5/20  eta15=2/20 [attempts=69, elapsed=516.9s]
[22:22:56] saved seed=69 eta=1.587 -> eta01 (idx=20, n1=1227, n2=773, margin=0.4875); counts: eta01=20/20  eta05=9/20  eta10=5/20  eta15=2/20 [attempts=70, elapsed=524.9s]
[22:23:04] saved seed=70 eta=4.970 -> eta05 (idx=10, n1=1665, n2=335, margin=-0.2952); counts: eta01=20/20  eta05=10/20  eta10=5/20  eta15=2/20 [attempts=71, elapsed=532.7s]
[22:23:27] saved seed=73 eta=5.849 -> eta05 (idx=11, n1=1708, n2=292, margin=-2.5710); counts: eta01=20/20  eta05=11/20  eta10=5/20  eta15=2/20 [attempts=74, elapsed=555.4s]
[22:23:35] seed=74 eta=1.729 -> eta01 full; attempts=75 saves=38 elapsed=563.3s
[22:23:42] saved seed=75 eta=5.024 -> eta05 (idx=12, n1=332, n2=1668, margin=-1.7983); counts: eta01=20/20  eta05=12/20  eta10=5/20  eta15=2/20 [attempts=76, elapsed=571.0s]
[22:24:22] saved seed=80 eta=4.682 -> eta05 (idx=13, n1=1648, n2=352, margin=0.0480); counts: eta01=20/20  eta05=13/20  eta10=5/20  eta15=2/20 [attempts=81, elapsed=610.4s]
[22:25:08] saved seed=86 eta=5.897 -> eta05 (idx=14, n1=290, n2=1710, margin=0.0131); counts: eta01=20/20  eta05=14/20  eta10=5/20  eta15=2/20 [attempts=87, elapsed=656.5s]
[22:25:38] saved seed=90 eta=4.128 -> eta05 (idx=15, n1=390, n2=1610, margin=0.6606); counts: eta01=20/20  eta05=15/20  eta10=5/20  eta15=2/20 [attempts=91, elapsed=686.9s]
[22:25:54] saved seed=92 eta=5.211 -> eta05 (idx=16, n1=322, n2=1678, margin=0.6847); counts: eta01=20/20  eta05=16/20  eta10=5/20  eta15=2/20 [attempts=93, elapsed=702.1s]
[22:26:47] saved seed=99 eta=9.526 -> eta10 (idx=6, n1=1810, n2=190, margin=-0.6475); counts: eta01=20/20  eta05=16/20  eta10=6/20  eta15=2/20 [attempts=100, elapsed=755.2s]
[22:27:02] saved seed=101 eta=5.645 -> eta05 (idx=17, n1=301, n2=1699, margin=0.3727); counts: eta01=20/20  eta05=17/20  eta10=6/20  eta15=2/20 [attempts=102, elapsed=770.7s]
[22:27:27] saved seed=104 eta=5.410 -> eta05 (idx=18, n1=1688, n2=312, margin=-1.2782); counts: eta01=20/20  eta05=18/20  eta10=6/20  eta15=2/20 [attempts=105, elapsed=795.1s]
[22:27:57] saved seed=108 eta=4.181 -> eta05 (idx=19, n1=386, n2=1614, margin=-0.6836); counts: eta01=20/20  eta05=19/20  eta10=6/20  eta15=2/20 [attempts=109, elapsed=825.7s]
[22:28:35] saved seed=113 eta=15.529 -> eta15 (idx=3, n1=121, n2=1879, margin=0.3536); counts: eta01=20/20  eta05=19/20  eta10=6/20  eta15=3/20 [attempts=114, elapsed=863.7s]
[22:29:43] saved seed=122 eta=4.682 -> eta05 (idx=20, n1=1648, n2=352, margin=0.7679); counts: eta01=20/20  eta05=20/20  eta10=6/20  eta15=3/20 [attempts=123, elapsed=931.6s]
[22:29:51] saved seed=123 eta=9.870 -> eta10 (idx=7, n1=184, n2=1816, margin=-0.9592); counts: eta01=20/20  eta05=20/20  eta10=7/20  eta15=3/20 [attempts=124, elapsed=939.3s]
[22:29:58] seed=124 eta=1.494 -> eta01 full; attempts=125 saves=50 elapsed=946.8s
[22:30:06] saved seed=125 eta=9.638 -> eta10 (idx=8, n1=188, n2=1812, margin=-1.7606); counts: eta01=20/20  eta05=20/20  eta10=8/20  eta15=3/20 [attempts=126, elapsed=954.5s]
[22:33:04] seed=149 eta=2.861 -> no match; attempts=150 saves=51 elapsed=1132.5s
[22:34:49] saved seed=163 eta=14.625 -> eta15 (idx=4, n1=128, n2=1872, margin=-2.7690); counts: eta01=20/20  eta05=20/20  eta10=8/20  eta15=4/20 [attempts=164, elapsed=1237.7s]
[22:35:49] saved seed=171 eta=14.152 -> eta15 (idx=5, n1=132, n2=1868, margin=-0.4430); counts: eta01=20/20  eta05=20/20  eta10=8/20  eta15=5/20 [attempts=172, elapsed=1297.0s]
[22:36:11] seed=174 eta=27.986 -> no match; attempts=175 saves=53 elapsed=1319.1s
[22:36:47] saved seed=179 eta=14.152 -> eta15 (idx=6, n1=132, n2=1868, margin=-9.0472); counts: eta01=20/20  eta05=20/20  eta10=8/20  eta15=6/20 [attempts=180, elapsed=1355.7s]
[22:37:10] saved seed=182 eta=10.561 -> eta10 (idx=9, n1=173, n2=1827, margin=-3.8057); counts: eta01=20/20  eta05=20/20  eta10=9/20  eta15=6/20 [attempts=183, elapsed=1378.1s]
[22:39:12] seed=199 eta=1.307 -> eta01 full; attempts=200 saves=55 elapsed=1500.8s
[22:40:10] saved seed=207 eta=14.385 -> eta15 (idx=7, n1=130, n2=1870, margin=-5.9181); counts: eta01=20/20  eta05=20/20  eta10=9/20  eta15=7/20 [attempts=208, elapsed=1558.3s]
[22:40:31] saved seed=210 eta=9.363 -> eta10 (idx=10, n1=193, n2=1807, margin=0.6861); counts: eta01=20/20  eta05=20/20  eta10=10/20  eta15=7/20 [attempts=211, elapsed=1579.9s]
[22:42:14] seed=224 eta=1.128 -> eta01 full; attempts=225 saves=57 elapsed=1682.1s
[22:45:14] seed=249 eta=1.160 -> eta01 full; attempts=250 saves=57 elapsed=1862.7s
[22:48:17] seed=274 eta=12.245 -> no match; attempts=275 saves=57 elapsed=2045.8s
[22:51:18] seed=299 eta=24.000 -> no match; attempts=300 saves=57 elapsed=2226.0s
[22:53:12] saved seed=315 eta=10.976 -> eta10 (idx=11, n1=1833, n2=167, margin=0.6900); counts: eta01=20/20  eta05=20/20  eta10=11/20  eta15=7/20 [attempts=316, elapsed=2340.6s]
[22:53:48] saved seed=320 eta=9.695 -> eta10 (idx=12, n1=1813, n2=187, margin=-3.5049); counts: eta01=20/20  eta05=20/20  eta10=12/20  eta15=7/20 [attempts=321, elapsed=2376.7s]
[22:54:17] seed=324 eta=2.527 -> no match; attempts=325 saves=59 elapsed=2405.2s
[22:55:25] saved seed=334 eta=15.667 -> eta15 (idx=8, n1=120, n2=1880, margin=-4.4642); counts: eta01=20/20  eta05=20/20  eta10=12/20  eta15=8/20 [attempts=335, elapsed=2473.6s]
[22:57:07] seed=349 eta=4.495 -> eta05 full; attempts=350 saves=60 elapsed=2575.0s
[22:59:56] seed=374 eta=21.727 -> no match; attempts=375 saves=60 elapsed=2744.2s
[23:00:03] saved seed=375 eta=14.038 -> eta15 (idx=9, n1=1867, n2=133, margin=-2.2823); counts: eta01=20/20  eta05=20/20  eta10=12/20  eta15=9/20 [attempts=376, elapsed=2751.1s]
[23:01:37] saved seed=389 eta=14.748 -> eta15 (idx=10, n1=127, n2=1873, margin=-3.4589); counts: eta01=20/20  eta05=20/20  eta10=12/20  eta15=10/20 [attempts=390, elapsed=2846.0s]
[23:02:45] seed=399 eta=2.781 -> no match; attempts=400 saves=62 elapsed=2913.8s
[23:04:07] saved seed=411 eta=10.429 -> eta10 (idx=13, n1=175, n2=1825, margin=0.0115); counts: eta01=20/20  eta05=20/20  eta10=13/20  eta15=10/20 [attempts=412, elapsed=2995.3s]
[23:05:35] seed=424 eta=17.018 -> no match; attempts=425 saves=63 elapsed=3083.8s
[23:06:03] saved seed=428 eta=10.364 -> eta10 (idx=14, n1=176, n2=1824, margin=-1.1993); counts: eta01=20/20  eta05=20/20  eta10=14/20  eta15=10/20 [attempts=429, elapsed=3111.1s]
[23:08:05] saved seed=446 eta=9.695 -> eta10 (idx=15, n1=1813, n2=187, margin=0.7126); counts: eta01=20/20  eta05=20/20  eta10=15/20  eta15=10/20 [attempts=447, elapsed=3233.2s]
[23:08:25] seed=449 eta=1.268 -> eta01 full; attempts=450 saves=65 elapsed=3253.6s
[23:11:14] seed=474 eta=3.032 -> no match; attempts=475 saves=65 elapsed=3422.7s
[23:12:42] saved seed=487 eta=10.429 -> eta10 (idx=16, n1=1825, n2=175, margin=-4.1409); counts: eta01=20/20  eta05=20/20  eta10=16/20  eta15=10/20 [attempts=488, elapsed=3511.0s]
[23:13:23] saved seed=493 eta=10.111 -> eta10 (idx=17, n1=1820, n2=180, margin=-1.3503); counts: eta01=20/20  eta05=20/20  eta10=17/20  eta15=10/20 [attempts=494, elapsed=3551.7s]
[23:14:04] seed=499 eta=6.407 -> no match; attempts=500 saves=67 elapsed=3592.3s
[23:14:11] saved seed=500 eta=10.236 -> eta10 (idx=18, n1=1822, n2=178, margin=-5.0405); counts: eta01=20/20  eta05=20/20  eta10=18/20  eta15=10/20 [attempts=501, elapsed=3599.2s]
[23:14:45] saved seed=505 eta=9.989 -> eta10 (idx=19, n1=1818, n2=182, margin=-5.3449); counts: eta01=20/20  eta05=20/20  eta10=19/20  eta15=10/20 [attempts=506, elapsed=3633.2s]
[23:15:12] saved seed=509 eta=10.494 -> eta10 (idx=20, n1=174, n2=1826, margin=-2.2176); counts: eta01=20/20  eta05=20/20  eta10=20/20  eta15=10/20 [attempts=510, elapsed=3660.4s]
[23:16:54] seed=524 eta=17.349 -> no match; attempts=525 saves=70 elapsed=3762.1s
[23:19:43] seed=549 eta=1.994 -> eta01 full; attempts=550 saves=70 elapsed=3931.6s
[23:22:33] seed=574 eta=4.525 -> eta05 full; attempts=575 saves=70 elapsed=4101.1s
[23:24:55] saved seed=595 eta=14.873 -> eta15 (idx=11, n1=1874, n2=126, margin=-2.9769); counts: eta01=20/20  eta05=20/20  eta10=20/20  eta15=11/20 [attempts=596, elapsed=4243.5s]
[23:25:22] seed=599 eta=1.112 -> eta01 full; attempts=600 saves=71 elapsed=4270.5s
[23:28:12] seed=624 eta=1.841 -> eta01 full; attempts=625 saves=71 elapsed=4440.1s
[23:31:01] seed=649 eta=2.831 -> no match; attempts=650 saves=71 elapsed=4609.4s
[23:33:50] seed=674 eta=7.658 -> no match; attempts=675 saves=71 elapsed=4778.9s
[23:34:31] saved seed=680 eta=15.807 -> eta15 (idx=12, n1=119, n2=1881, margin=-3.8776); counts: eta01=20/20  eta05=20/20  eta10=20/20  eta15=12/20 [attempts=681, elapsed=4819.8s]
[23:36:40] seed=699 eta=1.849 -> eta01 full; attempts=700 saves=72 elapsed=4948.7s
[23:39:30] seed=724 eta=2.604 -> no match; attempts=725 saves=72 elapsed=5118.1s
[23:42:19] seed=749 eta=17.182 -> no match; attempts=750 saves=72 elapsed=5287.5s
[23:45:08] seed=774 eta=7.889 -> no match; attempts=775 saves=72 elapsed=5456.9s
[23:47:58] seed=799 eta=1.381 -> eta01 full; attempts=800 saves=72 elapsed=5626.4s
[23:48:39] saved seed=805 eta=15.000 -> eta15 (idx=13, n1=1875, n2=125, margin=0.7955); counts: eta01=20/20  eta05=20/20  eta10=20/20  eta15=13/20 [attempts=806, elapsed=5667.2s]
[23:50:49] seed=824 eta=3.274 -> no match; attempts=825 saves=73 elapsed=5797.2s
[23:53:38] seed=849 eta=1.959 -> eta01 full; attempts=850 saves=73 elapsed=5966.4s
[23:56:27] seed=874 eta=3.415 -> no match; attempts=875 saves=73 elapsed=6135.6s
[23:59:17] seed=899 eta=65.667 -> no match; attempts=900 saves=73 elapsed=6305.1s
[00:00:11] saved seed=907 eta=15.529 -> eta15 (idx=14, n1=121, n2=1879, margin=-5.9987); counts: eta01=20/20  eta05=20/20  eta10=20/20  eta15=14/20 [attempts=908, elapsed=6359.5s]
[00:02:06] seed=924 eta=1.755 -> eta01 full; attempts=925 saves=74 elapsed=6474.9s
[00:04:56] seed=949 eta=3.640 -> no match; attempts=950 saves=74 elapsed=6644.2s
[00:07:45] seed=974 eta=2.509 -> no match; attempts=975 saves=74 elapsed=6813.7s
[00:10:35] seed=999 eta=2.788 -> no match; attempts=1000 saves=74 elapsed=6983.1s
[00:13:24] seed=1024 eta=4.464 -> eta05 full; attempts=1025 saves=74 elapsed=7152.5s
[00:15:12] saved seed=1040 eta=14.038 -> eta15 (idx=15, n1=133, n2=1867, margin=-3.6849); counts: eta01=20/20  eta05=20/20  eta10=20/20  eta15=15/20 [attempts=1041, elapsed=7260.9s]
[00:16:13] seed=1049 eta=665.667 -> no match; attempts=1050 saves=75 elapsed=7321.9s
[00:19:03] seed=1074 eta=1.030 -> eta01 full; attempts=1075 saves=75 elapsed=7491.3s
[00:21:25] saved seed=1095 eta=15.949 -> eta15 (idx=16, n1=118, n2=1882, margin=-1.5148); counts: eta01=20/20  eta05=20/20  eta10=20/20  eta15=16/20 [attempts=1096, elapsed=7633.8s]
[00:21:52] seed=1099 eta=4.731 -> eta05 full; attempts=1100 saves=76 elapsed=7660.9s
[00:24:42] seed=1124 eta=1.328 -> eta01 full; attempts=1125 saves=76 elapsed=7830.3s
[00:25:23] saved seed=1130 eta=15.667 -> eta15 (idx=17, n1=120, n2=1880, margin=-2.8303); counts: eta01=20/20  eta05=20/20  eta10=20/20  eta15=17/20 [attempts=1131, elapsed=7871.1s]
[00:27:31] seed=1149 eta=1.058 -> eta01 full; attempts=1150 saves=77 elapsed=7999.8s
[00:30:20] seed=1174 eta=11.422 -> no match; attempts=1175 saves=77 elapsed=8168.9s
[00:31:01] saved seed=1180 eta=15.000 -> eta15 (idx=18, n1=125, n2=1875, margin=-4.3803); counts: eta01=20/20  eta05=20/20  eta10=20/20  eta15=18/20 [attempts=1181, elapsed=8209.7s]
[00:32:57] saved seed=1197 eta=15.393 -> eta15 (idx=19, n1=122, n2=1878, margin=-5.4003); counts: eta01=20/20  eta05=20/20  eta10=20/20  eta15=19/20 [attempts=1198, elapsed=8325.2s]
[00:33:10] seed=1199 eta=3.608 -> no match; attempts=1200 saves=79 elapsed=8338.7s
[00:36:00] seed=1224 eta=1.045 -> eta01 full; attempts=1225 saves=79 elapsed=8508.2s
[00:38:49] seed=1249 eta=4.525 -> eta05 full; attempts=1250 saves=79 elapsed=8677.6s
[00:41:32] saved seed=1273 eta=14.267 -> eta15 (idx=20, n1=131, n2=1869, margin=-0.2730); counts: eta01=20/20  eta05=20/20  eta10=20/20  eta15=20/20 [attempts=1274, elapsed=8840.2s]
[00:41:32] done. attempts_this_run=1274 saves_this_run=80 total_attempts=1274 elapsed=8840.2s
[00:41:32] final counts: eta01=20/20  eta05=20/20  eta10=20/20  eta15=20/20
[00:41:32] all bins are full.
