[22:14:12] new pool: n1000_L10000_mu0p1000_kingman_pop1p0000_JC69
[22:14:12] params: n=1000 mu=0.1 pop_size=1.0 L=10000 model=kingman; targets=[1, 5, 10, 15] tol=±1.0; samples/bin=20; starting seed=0; max_attempts=3000
[22:14:12] current bin counts: eta01=0/20  eta05=0/20  eta10=0/20  eta15=0/20
[22:14:14] saved seed=0 eta=1.110 -> eta01 (idx=1, n1=526, n2=474, margin=0.1240); counts: eta01=1/20  eta05=0/20  eta10=0/20  eta15=0/20 [attempts=1, elapsed=2.4s]
[22:14:25] saved seed=5 eta=1.151 -> eta01 (idx=2, n1=465, n2=535, margin=-0.0093); counts: eta01=2/20  eta05=0/20  eta10=0/20  eta15=0/20 [attempts=6, elapsed=13.6s]
[22:14:30] saved seed=7 eta=1.008 -> eta01 (idx=3, n1=498, n2=502, margin=0.5029); counts: eta01=3/20  eta05=0/20  eta10=0/20  eta15=0/20 [attempts=8, elapsed=18.2s]
[22:14:32] saved seed=8 eta=4.128 -> eta05 (idx=1, n1=805, n2=195, margin=-0.7293); counts: eta01=3/20  eta05=1/20  eta10=0/20  eta15=0/20 [attempts=9, elapsed=20.3s]
[22:14:34] saved seed=9 eta=5.098 -> eta05 (idx=2, n1=836, n2=164, margin=-0.5086); counts: eta01=3/20  eta05=2/20  eta10=0/20  eta15=0/20 [attempts=10, elapsed=22.6s]
[22:14:36] saved seed=10 eta=1.577 -> eta01 (idx=4, n1=612, n2=388, margin=0.1753); counts: eta01=4/20  eta05=2/20  eta10=0/20  eta15=0/20 [attempts=11, elapsed=24.8s]
[22:14:39] saved seed=11 eta=15.129 -> eta15 (idx=1, n1=62, n2=938, margin=-0.1832); counts: eta01=4/20  eta05=2/20  eta10=0/20  eta15=1/20 [attempts=12, elapsed=27.0s]
[22:14:43] saved seed=13 eta=9.417 -> eta10 (idx=1, n1=96, n2=904, margin=-2.4003); counts: eta01=4/20  eta05=2/20  eta10=1/20  eta15=1/20 [attempts=14, elapsed=31.5s]
[22:14:47] saved seed=15 eta=1.169 -> eta01 (idx=5, n1=461, n2=539, margin=-0.0314); counts: eta01=5/20  eta05=2/20  eta10=1/20  eta15=1/20 [attempts=16, elapsed=35.9s]
[22:14:50] saved seed=16 eta=1.315 -> eta01 (idx=6, n1=432, n2=568, margin=0.1283); counts: eta01=6/20  eta05=2/20  eta10=1/20  eta15=1/20 [attempts=17, elapsed=38.0s]
[22:14:52] saved seed=17 eta=5.711 -> eta05 (idx=3, n1=149, n2=851, margin=0.0402); counts: eta01=6/20  eta05=3/20  eta10=1/20  eta15=1/20 [attempts=18, elapsed=40.2s]
[22:14:54] saved seed=18 eta=15.129 -> eta15 (idx=2, n1=938, n2=62, margin=0.1712); counts: eta01=6/20  eta05=3/20  eta10=1/20  eta15=2/20 [attempts=19, elapsed=42.4s]
[22:14:58] saved seed=20 eta=5.098 -> eta05 (idx=4, n1=836, n2=164, margin=-1.6226); counts: eta01=6/20  eta05=4/20  eta10=1/20  eta15=2/20 [attempts=21, elapsed=46.8s]
[22:15:01] saved seed=21 eta=1.020 -> eta01 (idx=7, n1=505, n2=495, margin=0.6320); counts: eta01=7/20  eta05=4/20  eta10=1/20  eta15=2/20 [attempts=22, elapsed=49.0s]
[22:15:05] saved seed=23 eta=1.725 -> eta01 (idx=8, n1=367, n2=633, margin=0.8228); counts: eta01=8/20  eta05=4/20  eta10=1/20  eta15=2/20 [attempts=24, elapsed=53.4s]
[22:15:07] seed=24 eta=2.906 -> no match; attempts=25 saves=15 elapsed=55.5s
[22:15:09] saved seed=25 eta=4.682 -> eta05 (idx=5, n1=824, n2=176, margin=-0.0794); counts: eta01=8/20  eta05=5/20  eta10=1/20  eta15=2/20 [attempts=26, elapsed=57.6s]
[22:15:13] saved seed=27 eta=1.793 -> eta01 (idx=9, n1=358, n2=642, margin=-0.4115); counts: eta01=9/20  eta05=5/20  eta10=1/20  eta15=2/20 [attempts=28, elapsed=62.0s]
[22:15:16] saved seed=28 eta=1.475 -> eta01 (idx=10, n1=404, n2=596, margin=-0.2167); counts: eta01=10/20  eta05=5/20  eta10=1/20  eta15=2/20 [attempts=29, elapsed=64.4s]
[22:15:18] saved seed=29 eta=1.415 -> eta01 (idx=11, n1=586, n2=414, margin=0.2164); counts: eta01=11/20  eta05=5/20  eta10=1/20  eta15=2/20 [attempts=30, elapsed=66.7s]
[22:15:27] saved seed=33 eta=1.155 -> eta01 (idx=12, n1=536, n2=464, margin=0.5665); counts: eta01=12/20  eta05=5/20  eta10=1/20  eta15=2/20 [attempts=34, elapsed=75.5s]
[22:15:31] saved seed=35 eta=5.667 -> eta05 (idx=6, n1=850, n2=150, margin=-0.2109); counts: eta01=12/20  eta05=6/20  eta10=1/20  eta15=2/20 [attempts=36, elapsed=79.8s]
[22:15:40] saved seed=39 eta=1.358 -> eta01 (idx=13, n1=424, n2=576, margin=0.1967); counts: eta01=13/20  eta05=6/20  eta10=1/20  eta15=2/20 [attempts=40, elapsed=88.4s]
[22:15:47] saved seed=42 eta=1.212 -> eta01 (idx=14, n1=452, n2=548, margin=-0.1851); counts: eta01=14/20  eta05=6/20  eta10=1/20  eta15=2/20 [attempts=43, elapsed=95.2s]
[22:15:51] saved seed=44 eta=1.179 -> eta01 (idx=15, n1=541, n2=459, margin=-0.1591); counts: eta01=15/20  eta05=6/20  eta10=1/20  eta15=2/20 [attempts=45, elapsed=99.6s]
[22:15:56] saved seed=46 eta=1.203 -> eta01 (idx=16, n1=546, n2=454, margin=0.1189); counts: eta01=16/20  eta05=6/20  eta10=1/20  eta15=2/20 [attempts=47, elapsed=104.0s]
[22:16:00] saved seed=48 eta=1.653 -> eta01 (idx=17, n1=623, n2=377, margin=0.5273); counts: eta01=17/20  eta05=6/20  eta10=1/20  eta15=2/20 [attempts=49, elapsed=108.4s]
[22:16:02] saved seed=49 eta=9.870 -> eta10 (idx=2, n1=92, n2=908, margin=-2.8046); counts: eta01=17/20  eta05=6/20  eta10=2/20  eta15=2/20 [attempts=50, elapsed=110.7s]
[22:16:07] saved seed=51 eta=1.494 -> eta01 (idx=18, n1=599, n2=401, margin=0.3319); counts: eta01=18/20  eta05=6/20  eta10=2/20  eta15=2/20 [attempts=52, elapsed=115.1s]
[22:16:11] saved seed=53 eta=5.211 -> eta05 (idx=7, n1=161, n2=839, margin=-0.3513); counts: eta01=18/20  eta05=7/20  eta10=2/20  eta15=2/20 [attempts=54, elapsed=119.6s]
[22:16:16] saved seed=55 eta=4.376 -> eta05 (idx=8, n1=814, n2=186, margin=0.3135); counts: eta01=18/20  eta05=8/20  eta10=2/20  eta15=2/20 [attempts=56, elapsed=124.0s]
[22:16:20] saved seed=57 eta=1.045 -> eta01 (idx=19, n1=511, n2=489, margin=0.5750); counts: eta01=19/20  eta05=8/20  eta10=2/20  eta15=2/20 [attempts=58, elapsed=128.4s]
[22:16:23] saved seed=58 eta=4.988 -> eta05 (idx=9, n1=833, n2=167, margin=0.3139); counts: eta01=19/20  eta05=9/20  eta10=2/20  eta15=2/20 [attempts=59, elapsed=131.1s]
[22:16:25] saved seed=59 eta=1.012 -> eta01 (idx=20, n1=497, n2=503, margin=0.7823); counts: eta01=20/20  eta05=9/20  eta10=2/20  eta15=2/20 [attempts=60, elapsed=133.5s]
[22:16:59] seed=74 eta=1.667 -> eta01 full; attempts=75 saves=33 elapsed=167.4s
[22:17:03] saved seed=76 eta=5.944 -> eta05 (idx=10, n1=856, n2=144, margin=-0.9073); counts: eta01=20/20  eta05=10/20  eta10=2/20  eta15=2/20 [attempts=77, elapsed=171.8s]
[22:17:19] saved seed=83 eta=5.536 -> eta05 (idx=11, n1=153, n2=847, margin=-0.1307); counts: eta01=20/20  eta05=11/20  eta10=2/20  eta15=2/20 [attempts=84, elapsed=187.3s]
[22:17:28] saved seed=87 eta=4.848 -> eta05 (idx=12, n1=171, n2=829, margin=-2.3548); counts: eta01=20/20  eta05=12/20  eta10=2/20  eta15=2/20 [attempts=88, elapsed=196.3s]
[22:17:37] saved seed=91 eta=4.618 -> eta05 (idx=13, n1=822, n2=178, margin=0.2647); counts: eta01=20/20  eta05=13/20  eta10=2/20  eta15=2/20 [attempts=92, elapsed=205.8s]
[22:17:40] saved seed=92 eta=14.625 -> eta15 (idx=3, n1=936, n2=64, margin=-2.8308); counts: eta01=20/20  eta05=13/20  eta10=2/20  eta15=3/20 [attempts=93, elapsed=208.1s]
[22:17:42] saved seed=93 eta=5.667 -> eta05 (idx=14, n1=850, n2=150, margin=-0.3479); counts: eta01=20/20  eta05=14/20  eta10=2/20  eta15=3/20 [attempts=94, elapsed=210.4s]
[22:17:46] saved seed=95 eta=5.993 -> eta05 (idx=15, n1=143, n2=857, margin=-1.1394); counts: eta01=20/20  eta05=15/20  eta10=2/20  eta15=3/20 [attempts=96, elapsed=214.9s]
[22:17:51] saved seed=97 eta=10.111 -> eta10 (idx=3, n1=90, n2=910, margin=-0.5174); counts: eta01=20/20  eta05=15/20  eta10=3/20  eta15=3/20 [attempts=98, elapsed=219.5s]
[22:17:55] seed=99 eta=1.604 -> eta01 full; attempts=100 saves=41 elapsed=224.0s
[22:18:24] saved seed=112 eta=5.173 -> eta05 (idx=16, n1=838, n2=162, margin=0.5347); counts: eta01=20/20  eta05=16/20  eta10=3/20  eta15=3/20 [attempts=113, elapsed=253.0s]
[22:18:51] saved seed=124 eta=14.873 -> eta15 (idx=4, n1=937, n2=63, margin=-4.1531); counts: eta01=20/20  eta05=16/20  eta10=3/20  eta15=4/20 [attempts=125, elapsed=279.6s]
[22:18:53] saved seed=125 eta=4.814 -> eta05 (idx=17, n1=172, n2=828, margin=-1.8713); counts: eta01=20/20  eta05=17/20  eta10=3/20  eta15=4/20 [attempts=126, elapsed=281.9s]
[22:19:04] saved seed=130 eta=5.061 -> eta05 (idx=18, n1=835, n2=165, margin=0.8463); counts: eta01=20/20  eta05=18/20  eta10=3/20  eta15=4/20 [attempts=131, elapsed=292.9s]
[22:19:11] saved seed=133 eta=5.494 -> eta05 (idx=19, n1=154, n2=846, margin=-1.9337); counts: eta01=20/20  eta05=19/20  eta10=3/20  eta15=4/20 [attempts=134, elapsed=299.3s]
[22:19:17] saved seed=136 eta=4.747 -> eta05 (idx=20, n1=826, n2=174, margin=-0.6587); counts: eta01=20/20  eta05=20/20  eta10=3/20  eta15=4/20 [attempts=137, elapsed=305.9s]
[22:19:20] saved seed=137 eta=10.111 -> eta10 (idx=4, n1=90, n2=910, margin=-0.1198); counts: eta01=20/20  eta05=20/20  eta10=4/20  eta15=4/20 [attempts=138, elapsed=308.2s]
[22:19:46] seed=149 eta=1.123 -> eta01 full; attempts=150 saves=48 elapsed=334.1s
[22:20:42] seed=174 eta=1.262 -> eta01 full; attempts=175 saves=48 elapsed=390.5s
[22:21:08] saved seed=186 eta=14.873 -> eta15 (idx=5, n1=63, n2=937, margin=-2.1008); counts: eta01=20/20  eta05=20/20  eta10=4/20  eta15=5/20 [attempts=187, elapsed=416.6s]
[22:21:36] seed=199 eta=3.329 -> no match; attempts=200 saves=49 elapsed=444.8s
[22:22:30] seed=224 eta=1.273 -> eta01 full; attempts=225 saves=49 elapsed=498.6s
[22:23:10] saved seed=242 eta=9.753 -> eta10 (idx=5, n1=907, n2=93, margin=-0.5210); counts: eta01=20/20  eta05=20/20  eta10=5/20  eta15=5/20 [attempts=243, elapsed=538.6s]
[22:23:21] saved seed=247 eta=9.870 -> eta10 (idx=6, n1=908, n2=92, margin=0.9946); counts: eta01=20/20  eta05=20/20  eta10=6/20  eta15=5/20 [attempts=248, elapsed=549.6s]
[22:23:26] seed=249 eta=1.268 -> eta01 full; attempts=250 saves=51 elapsed=554.5s
[22:24:24] seed=274 eta=1.427 -> eta01 full; attempts=275 saves=51 elapsed=612.2s
[22:25:20] seed=299 eta=18.231 -> no match; attempts=300 saves=51 elapsed=668.9s
[22:25:27] saved seed=302 eta=15.667 -> eta15 (idx=6, n1=60, n2=940, margin=-3.9778); counts: eta01=20/20  eta05=20/20  eta10=6/20  eta15=6/20 [attempts=303, elapsed=675.6s]
[22:25:52] saved seed=313 eta=15.393 -> eta15 (idx=7, n1=61, n2=939, margin=-5.1468); counts: eta01=20/20  eta05=20/20  eta10=6/20  eta15=7/20 [attempts=314, elapsed=700.3s]
[22:26:10] saved seed=321 eta=9.417 -> eta10 (idx=7, n1=904, n2=96, margin=-2.2450); counts: eta01=20/20  eta05=20/20  eta10=7/20  eta15=7/20 [attempts=322, elapsed=718.1s]
[22:26:16] seed=324 eta=46.619 -> no match; attempts=325 saves=54 elapsed=724.7s
[22:27:14] saved seed=349 eta=14.625 -> eta15 (idx=8, n1=64, n2=936, margin=0.5577); counts: eta01=20/20  eta05=20/20  eta10=7/20  eta15=8/20 [attempts=350, elapsed=782.3s]
[22:27:39] saved seed=360 eta=10.364 -> eta10 (idx=8, n1=88, n2=912, margin=0.9376); counts: eta01=20/20  eta05=20/20  eta10=8/20  eta15=8/20 [attempts=361, elapsed=807.5s]
[22:27:44] saved seed=362 eta=10.111 -> eta10 (idx=9, n1=90, n2=910, margin=-1.5412); counts: eta01=20/20  eta05=20/20  eta10=9/20  eta15=8/20 [attempts=363, elapsed=812.2s]
[22:28:10] seed=374 eta=1.155 -> eta01 full; attempts=375 saves=57 elapsed=838.8s
[22:28:17] saved seed=377 eta=14.873 -> eta15 (idx=9, n1=63, n2=937, margin=-4.7573); counts: eta01=20/20  eta05=20/20  eta10=9/20  eta15=9/20 [attempts=378, elapsed=845.5s]
[22:28:37] saved seed=386 eta=10.628 -> eta10 (idx=10, n1=914, n2=86, margin=-2.8763); counts: eta01=20/20  eta05=20/20  eta10=10/20  eta15=9/20 [attempts=387, elapsed=865.8s]
[22:29:06] seed=399 eta=19.000 -> no match; attempts=400 saves=59 elapsed=894.7s
[22:29:38] saved seed=413 eta=10.494 -> eta10 (idx=11, n1=913, n2=87, margin=0.0098); counts: eta01=20/20  eta05=20/20  eta10=11/20  eta15=9/20 [attempts=414, elapsed=926.4s]
[22:29:56] saved seed=421 eta=9.309 -> eta10 (idx=12, n1=97, n2=903, margin=0.0867); counts: eta01=20/20  eta05=20/20  eta10=12/20  eta15=9/20 [attempts=422, elapsed=944.3s]
[22:30:02] seed=424 eta=1.222 -> eta01 full; attempts=425 saves=61 elapsed=951.0s
[22:30:27] saved seed=435 eta=9.638 -> eta10 (idx=13, n1=94, n2=906, margin=-4.2479); counts: eta01=20/20  eta05=20/20  eta10=13/20  eta15=9/20 [attempts=436, elapsed=975.5s]
[22:30:38] saved seed=440 eta=14.625 -> eta15 (idx=10, n1=64, n2=936, margin=-3.1343); counts: eta01=20/20  eta05=20/20  eta10=13/20  eta15=10/20 [attempts=441, elapsed=986.5s]
[22:30:58] seed=449 eta=2.788 -> no match; attempts=450 saves=63 elapsed=1006.8s
[22:31:54] seed=474 eta=82.333 -> no match; attempts=475 saves=63 elapsed=1062.5s
[22:32:48] seed=499 eta=1.358 -> eta01 full; attempts=500 saves=63 elapsed=1116.7s
[22:33:32] saved seed=519 eta=10.364 -> eta10 (idx=14, n1=912, n2=88, margin=-2.3617); counts: eta01=20/20  eta05=20/20  eta10=14/20  eta15=10/20 [attempts=520, elapsed=1160.9s]
[22:33:43] seed=524 eta=1.169 -> eta01 full; attempts=525 saves=64 elapsed=1172.0s
[22:33:57] saved seed=530 eta=14.625 -> eta15 (idx=11, n1=64, n2=936, margin=-0.5590); counts: eta01=20/20  eta05=20/20  eta10=14/20  eta15=11/20 [attempts=531, elapsed=1185.6s]
[22:34:21] saved seed=541 eta=10.765 -> eta10 (idx=15, n1=85, n2=915, margin=-0.0337); counts: eta01=20/20  eta05=20/20  eta10=15/20  eta15=11/20 [attempts=542, elapsed=1209.6s]
[22:34:40] seed=549 eta=2.012 -> no match; attempts=550 saves=66 elapsed=1228.0s
[22:35:35] seed=574 eta=5.452 -> eta05 full; attempts=575 saves=66 elapsed=1283.3s
[22:36:29] seed=599 eta=13.493 -> no match; attempts=600 saves=66 elapsed=1337.7s
[22:37:24] seed=624 eta=1.519 -> eta01 full; attempts=625 saves=66 elapsed=1392.9s
[22:37:42] saved seed=632 eta=9.101 -> eta10 (idx=16, n1=901, n2=99, margin=0.3378); counts: eta01=20/20  eta05=20/20  eta10=16/20  eta15=11/20 [attempts=633, elapsed=1410.2s]
[22:37:48] saved seed=635 eta=14.152 -> eta15 (idx=12, n1=66, n2=934, margin=-3.6616); counts: eta01=20/20  eta05=20/20  eta10=16/20  eta15=12/20 [attempts=636, elapsed=1416.6s]
[22:37:59] saved seed=640 eta=15.949 -> eta15 (idx=13, n1=941, n2=59, margin=0.2879); counts: eta01=20/20  eta05=20/20  eta10=16/20  eta15=13/20 [attempts=641, elapsed=1427.3s]
[22:38:18] seed=649 eta=2.922 -> no match; attempts=650 saves=69 elapsed=1446.5s
[22:38:50] saved seed=664 eta=9.753 -> eta10 (idx=17, n1=907, n2=93, margin=-5.0922); counts: eta01=20/20  eta05=20/20  eta10=17/20  eta15=13/20 [attempts=665, elapsed=1478.6s]
[22:39:12] seed=674 eta=1.513 -> eta01 full; attempts=675 saves=70 elapsed=1500.0s
[22:40:05] seed=699 eta=2.175 -> no match; attempts=700 saves=70 elapsed=1553.4s
[22:40:29] saved seed=710 eta=14.873 -> eta15 (idx=14, n1=937, n2=63, margin=-6.0953); counts: eta01=20/20  eta05=20/20  eta10=17/20  eta15=14/20 [attempts=711, elapsed=1577.0s]
[22:40:41] saved seed=716 eta=9.870 -> eta10 (idx=18, n1=92, n2=908, margin=0.0720); counts: eta01=20/20  eta05=20/20  eta10=18/20  eta15=14/20 [attempts=717, elapsed=1589.7s]
[22:40:58] seed=724 eta=1.037 -> eta01 full; attempts=725 saves=72 elapsed=1606.9s
[22:41:03] saved seed=726 eta=9.417 -> eta10 (idx=19, n1=96, n2=904, margin=0.4844); counts: eta01=20/20  eta05=20/20  eta10=19/20  eta15=14/20 [attempts=727, elapsed=1611.2s]
[22:41:53] seed=749 eta=1.110 -> eta01 full; attempts=750 saves=73 elapsed=1661.3s
[22:42:47] seed=774 eta=2.049 -> no match; attempts=775 saves=73 elapsed=1715.9s
[22:43:41] seed=799 eta=13.493 -> no match; attempts=800 saves=73 elapsed=1769.1s
[22:44:35] seed=824 eta=25.316 -> no match; attempts=825 saves=73 elapsed=1823.2s
[22:44:41] saved seed=827 eta=15.129 -> eta15 (idx=15, n1=62, n2=938, margin=-0.6616); counts: eta01=20/20  eta05=20/20  eta10=19/20  eta15=15/20 [attempts=828, elapsed=1829.7s]
[22:44:48] saved seed=830 eta=14.385 -> eta15 (idx=16, n1=65, n2=935, margin=-2.1920); counts: eta01=20/20  eta05=20/20  eta10=19/20  eta15=16/20 [attempts=831, elapsed=1836.2s]
[22:45:03] saved seed=837 eta=9.204 -> eta10 (idx=20, n1=902, n2=98, margin=-2.2156); counts: eta01=20/20  eta05=20/20  eta10=20/20  eta15=16/20 [attempts=838, elapsed=1851.6s]
[22:45:29] seed=849 eta=999.000 -> no match; attempts=850 saves=76 elapsed=1877.7s
[22:46:23] seed=874 eta=2.846 -> no match; attempts=875 saves=76 elapsed=1931.5s
[22:47:17] seed=899 eta=3.950 -> no match; attempts=900 saves=76 elapsed=1985.6s
[22:48:13] seed=924 eta=2.425 -> no match; attempts=925 saves=76 elapsed=2041.3s
[22:49:07] seed=949 eta=1.037 -> eta01 full; attempts=950 saves=76 elapsed=2095.5s
[22:49:50] saved seed=969 eta=15.393 -> eta15 (idx=17, n1=939, n2=61, margin=-5.9760); counts: eta01=20/20  eta05=20/20  eta10=20/20  eta15=17/20 [attempts=970, elapsed=2138.7s]
[22:50:01] seed=974 eta=1.252 -> eta01 full; attempts=975 saves=77 elapsed=2149.4s
[22:50:54] seed=999 eta=3.566 -> no match; attempts=1000 saves=77 elapsed=2202.8s
[22:51:24] saved seed=1013 eta=14.625 -> eta15 (idx=18, n1=936, n2=64, margin=-6.0466); counts: eta01=20/20  eta05=20/20  eta10=20/20  eta15=18/20 [attempts=1014, elapsed=2232.8s]
[22:51:48] seed=1024 eta=999.000 -> no match; attempts=1025 saves=78 elapsed=2256.2s
[22:52:41] seed=1049 eta=1.358 -> eta01 full; attempts=1050 saves=78 elapsed=2309.4s
[22:53:35] seed=1074 eta=75.923 -> no match; attempts=1075 saves=78 elapsed=2363.4s
[22:54:05] saved seed=1088 eta=14.873 -> eta15 (idx=19, n1=937, n2=63, margin=0.4959); counts: eta01=20/20  eta05=20/20  eta10=20/20  eta15=19/20 [attempts=1089, elapsed=2393.5s]
[22:54:16] saved seed=1093 eta=15.667 -> eta15 (idx=20, n1=940, n2=60, margin=-0.1973); counts: eta01=20/20  eta05=20/20  eta10=20/20  eta15=20/20 [attempts=1094, elapsed=2404.2s]
[22:54:16] done. attempts_this_run=1094 saves_this_run=80 total_attempts=1094 elapsed=2404.2s
[22:54:16] final counts: eta01=20/20  eta05=20/20  eta10=20/20  eta15=20/20
[22:54:16] all bins are full.
