[recompute] n=128 L=2000 (rebuilding ground truth)...
  built D in 0.0s; computing ||D||...
  ||D||_2 = 617.2   ||D||_F = 633.4   ||D||_inf = 6.497  (0.0s)
  p=1: linf=0, rel_spec=0, rel_frob=0  (0.0s)
  p=0.9: linf=4.617, rel_spec=0.1113, rel_frob=0.1285  (0.0s)
  p=0.5: linf=9.003, rel_spec=1.002, rel_frob=1.002  (0.0s)
  p=0.1: linf=57.83, rel_spec=8.967, rel_frob=8.794  (0.0s)
  p=0.05: linf=121.3, rel_spec=19.1, rel_frob=18.7  (0.0s)
  p=0.01: linf=620.7, rel_spec=99.39, rel_frob=97.24  (0.0s)
  p=0.005: linf=1217, rel_spec=195.3, rel_frob=191.1  (0.0s)
  p=0.001: linf=5946, rel_spec=1088, rel_frob=1064  (0.0s)
  p=0.0005: linf=1.129e+04, rel_spec=1996, rel_frob=1952  (0.0s)
  p=0.0001: linf=3.059e+04, rel_spec=6116, rel_frob=5982  (0.0s)
  wrote /Users/itayg/PythonRepo/spectral-tree-inference/sub_sampled_fielder_vec/results/20260514-174813-nj_sweep/n128_L2000/nj_meta_extra.json
[recompute] n=512 L=2000 (rebuilding ground truth)...
  built D in 0.2s; computing ||D||...
  ||D||_2 = 3311   ||D||_F = 3368   ||D||_inf = 10.2  (0.0s)
  p=1: linf=0, rel_spec=0, rel_frob=0  (0.0s)
  p=0.9: linf=6.47, rel_spec=0.1111, rel_frob=0.1247  (0.0s)
  p=0.5: linf=12.28, rel_spec=0.9987, rel_frob=0.9991  (0.0s)
  p=0.1: linf=89.2, rel_spec=9, rel_frob=8.873  (0.0s)
  p=0.05: linf=185, rel_spec=18.98, rel_frob=18.69  (0.0s)
  p=0.01: linf=929.3, rel_spec=98.76, rel_frob=97.2  (0.0s)
  p=0.005: linf=1838, rel_spec=198.3, rel_frob=195.2  (0.0s)
  p=0.001: linf=8599, rel_spec=1003, rel_frob=986.8  (0.0s)
  p=0.0005: linf=1.644e+04, rel_spec=1984, rel_frob=1952  (0.0s)
  p=0.0001: linf=7.701e+04, rel_spec=1.02e+04, rel_frob=1.004e+04  (0.0s)
  wrote /Users/itayg/PythonRepo/spectral-tree-inference/sub_sampled_fielder_vec/results/20260514-174813-nj_sweep/n512_L2000/nj_meta_extra.json
[recompute] n=1024 L=2000 (rebuilding ground truth)...
  built D in 0.5s; computing ||D||...
  ||D||_2 = 7402   ||D||_F = 7506   ||D||_inf = 15.35  (0.1s)
  p=1: linf=0, rel_spec=0, rel_frob=0  (0.0s)
  p=0.9: linf=7.353, rel_spec=0.1111, rel_frob=0.1227  (0.1s)
  p=0.5: linf=14.48, rel_spec=0.9994, rel_frob=0.9999  (0.1s)
  p=0.1: linf=119.4, rel_spec=9.001, rel_frob=8.895  (0.1s)
  p=0.05: linf=252.6, rel_spec=19, rel_frob=18.76  (0.1s)
  p=0.01: linf=1145, rel_spec=98.99, rel_frob=97.69  (0.1s)
  p=0.005: linf=2179, rel_spec=198.4, rel_frob=195.7  (0.0s)
  p=0.001: linf=1.044e+04, rel_spec=998.9, rel_frob=985.6  (0.0s)
  p=0.0005: linf=2.014e+04, rel_spec=1997, rel_frob=1971  (0.0s)
  p=0.0001: linf=9.468e+04, rel_spec=9931, rel_frob=9799  (0.0s)
  wrote /Users/itayg/PythonRepo/spectral-tree-inference/sub_sampled_fielder_vec/results/20260514-174813-nj_sweep/n1024_L2000/nj_meta_extra.json
[recompute] n=2048 L=2000 (rebuilding ground truth)...
  built D in 1.5s; computing ||D||...
  ||D||_2 = 1.656e+04   ||D||_F = 1.678e+04   ||D||_inf = 27.63  (0.7s)
  p=1: linf=0, rel_spec=0, rel_frob=0  (0.0s)
  p=0.9: linf=18.65, rel_spec=0.1111, rel_frob=0.1223  (0.4s)
  p=0.5: linf=27.63, rel_spec=0.9995, rel_frob=1  (0.4s)
  p=0.1: linf=248.7, rel_spec=8.996, rel_frob=8.895  (0.3s)
  p=0.05: linf=495.5, rel_spec=18.99, rel_frob=18.76  (0.3s)
  p=0.01: linf=1873, rel_spec=98.92, rel_frob=97.67  (0.2s)
  p=0.005: linf=3724, rel_spec=198.8, rel_frob=196.3  (0.2s)
  p=0.001: linf=1.351e+04, rel_spec=997.7, rel_frob=985  (0.2s)
  p=0.0005: linf=2.874e+04, rel_spec=2001, rel_frob=1976  (0.1s)
  p=0.0001: linf=1.194e+05, rel_spec=9985, rel_frob=9858  (0.1s)
  wrote /Users/itayg/PythonRepo/spectral-tree-inference/sub_sampled_fielder_vec/results/20260514-174813-nj_sweep/n2048_L2000/nj_meta_extra.json

Done. Wrote:
  /Users/itayg/PythonRepo/spectral-tree-inference/sub_sampled_fielder_vec/results/20260514-174813-nj_sweep/n128_L2000/nj_meta_extra.json
  /Users/itayg/PythonRepo/spectral-tree-inference/sub_sampled_fielder_vec/results/20260514-174813-nj_sweep/n512_L2000/nj_meta_extra.json
  /Users/itayg/PythonRepo/spectral-tree-inference/sub_sampled_fielder_vec/results/20260514-174813-nj_sweep/n1024_L2000/nj_meta_extra.json
  /Users/itayg/PythonRepo/spectral-tree-inference/sub_sampled_fielder_vec/results/20260514-174813-nj_sweep/n2048_L2000/nj_meta_extra.json
