[recompute] n=128 L=2000 (rebuilding ground truth)...
  built D in 0.0s; computing ||D||...
  ||D||_2 = 75.71   ||D||_F = 92.46   ||D||_inf = 1.067  (0.0s)
  p=1: linf=0.5968, rel_spec=0.03153, rel_frob=0.04831  (0.0s)
  p=0.9: linf=0.6635, rel_spec=0.1194, rel_frob=0.2189  (0.0s)
  p=0.5: linf=1.197, rel_spec=1.014, rel_frob=1.008  (0.0s)
  p=0.1: linf=9.553, rel_spec=8.974, rel_frob=7.569  (0.0s)
  p=0.05: linf=20.04, rel_spec=19.32, rel_frob=16.07  (0.0s)
  p=0.01: linf=103.8, rel_spec=97.81, rel_frob=80.61  (0.0s)
  p=0.005: linf=206.8, rel_spec=188.1, rel_frob=154.8  (0.0s)
  p=0.001: linf=1014, rel_spec=1213, rel_frob=997.5  (0.0s)
  p=0.0005: linf=2060, rel_spec=1759, rel_frob=1446  (0.0s)
  p=0.0001: linf=4612, rel_spec=7399, rel_frob=6083  (0.0s)
  wrote /Users/itayg/PythonRepo/spectral-tree-inference/sub_sampled_fielder_vec/results/20260519-000201-nj_sweep_kingman/n128_L2000/nj_meta_extra.json
[recompute] n=256 L=2000 (rebuilding ground truth)...
  built D in 0.1s; computing ||D||...
  ||D||_2 = 118.7   ||D||_F = 130   ||D||_inf = 0.6694  (0.0s)
  p=1: linf=0.4659, rel_spec=0.01569, rel_frob=0.04505  (0.0s)
  p=0.9: linf=0.5174, rel_spec=0.114, rel_frob=0.1758  (0.0s)
  p=0.5: linf=0.9326, rel_spec=1.006, rel_frob=1.006  (0.0s)
  p=0.1: linf=5.984, rel_spec=9.037, rel_frob=8.357  (0.0s)
  p=0.05: linf=12.59, rel_spec=18.93, rel_frob=17.42  (0.0s)
  p=0.01: linf=65.24, rel_spec=100.6, rel_frob=92.16  (0.0s)
  p=0.005: linf=130.1, rel_spec=201.3, rel_frob=184.3  (0.0s)
  p=0.001: linf=652.8, rel_spec=966.2, rel_frob=884.3  (0.0s)
  p=0.0005: linf=1286, rel_spec=1906, rel_frob=1745  (0.0s)
  p=0.0001: linf=5828, rel_spec=1.029e+04, rel_frob=9418  (0.0s)
  wrote /Users/itayg/PythonRepo/spectral-tree-inference/sub_sampled_fielder_vec/results/20260519-000201-nj_sweep_kingman/n256_L2000/nj_meta_extra.json
[recompute] n=512 L=2000 (rebuilding ground truth)...
  built D in 0.2s; computing ||D||...
  ||D||_2 = 437.1   ||D||_F = 514.2   ||D||_inf = 1.476  (0.0s)
  p=1: linf=0.8503, rel_spec=0.01167, rel_frob=0.03927  (0.0s)
  p=0.9: linf=0.9445, rel_spec=0.1132, rel_frob=0.2068  (0.0s)
  p=0.5: linf=1.699, rel_spec=0.9957, rel_frob=1.002  (0.0s)
  p=0.1: linf=13.25, rel_spec=8.969, rel_frob=7.797  (0.0s)
  p=0.05: linf=27.83, rel_spec=18.89, rel_frob=16.24  (0.0s)
  p=0.01: linf=144.5, rel_spec=98.64, rel_frob=84.08  (0.0s)
  p=0.005: linf=286.3, rel_spec=197.9, rel_frob=168.5  (0.0s)
  p=0.001: linf=1437, rel_spec=992.7, rel_frob=844.7  (0.0s)
  p=0.0005: linf=2858, rel_spec=1910, rel_frob=1626  (0.0s)
  p=0.0001: linf=1.326e+04, rel_spec=9114, rel_frob=7754  (0.0s)
  wrote /Users/itayg/PythonRepo/spectral-tree-inference/sub_sampled_fielder_vec/results/20260519-000201-nj_sweep_kingman/n512_L2000/nj_meta_extra.json
[recompute] n=1024 L=2000 (rebuilding ground truth)...
  built D in 0.5s; computing ||D||...
  ||D||_2 = 827.4   ||D||_F = 1002   ||D||_inf = 1.897  (0.0s)
  p=1: linf=0.6747, rel_spec=0.01631, rel_frob=0.03704  (0.0s)
  p=0.9: linf=1.146, rel_spec=0.09564, rel_frob=0.2572  (0.1s)
  p=0.5: linf=1.897, rel_spec=0.8369, rel_frob=1.002  (0.1s)
  p=0.1: linf=17.04, rel_spec=7.508, rel_frob=6.575  (0.1s)
  p=0.05: linf=35.99, rel_spec=15.84, rel_frob=13.47  (0.1s)
  p=0.01: linf=187, rel_spec=83.27, rel_frob=69.2  (0.0s)
  p=0.005: linf=375.3, rel_spec=165.1, rel_frob=136.8  (0.0s)
  p=0.001: linf=1884, rel_spec=852.2, rel_frob=704.8  (0.0s)
  p=0.0005: linf=3749, rel_spec=1664, rel_frob=1376  (0.0s)
  p=0.0001: linf=1.856e+04, rel_spec=7806, rel_frob=6452  (0.0s)
  wrote /Users/itayg/PythonRepo/spectral-tree-inference/sub_sampled_fielder_vec/results/20260519-000201-nj_sweep_kingman/n1024_L2000/nj_meta_extra.json

Done. Wrote:
  /Users/itayg/PythonRepo/spectral-tree-inference/sub_sampled_fielder_vec/results/20260519-000201-nj_sweep_kingman/n128_L2000/nj_meta_extra.json
  /Users/itayg/PythonRepo/spectral-tree-inference/sub_sampled_fielder_vec/results/20260519-000201-nj_sweep_kingman/n256_L2000/nj_meta_extra.json
  /Users/itayg/PythonRepo/spectral-tree-inference/sub_sampled_fielder_vec/results/20260519-000201-nj_sweep_kingman/n512_L2000/nj_meta_extra.json
  /Users/itayg/PythonRepo/spectral-tree-inference/sub_sampled_fielder_vec/results/20260519-000201-nj_sweep_kingman/n1024_L2000/nj_meta_extra.json
