[recompute] n=128 L=10000 (rebuilding ground truth)...
  built D in 0.1s; computing ||D||...
  ||D||_2 = 66.14   ||D||_F = 74.05   ||D||_inf = 0.766  (0.0s)
  p=1: linf=0.5187, rel_spec=0.007842, rel_frob=0.01981  (0.0s)
  p=0.9: linf=0.5768, rel_spec=0.1143, rel_frob=0.1828  (0.0s)
  p=0.5: linf=1.043, rel_spec=1.01, rel_frob=1.01  (0.0s)
  p=0.1: linf=6.883, rel_spec=8.904, rel_frob=8.096  (0.0s)
  p=0.05: linf=14.52, rel_spec=19.33, rel_frob=17.45  (0.0s)
  p=0.01: linf=75.52, rel_spec=99.19, rel_frob=89.06  (0.0s)
  p=0.005: linf=151.1, rel_spec=191, rel_frob=171.4  (0.0s)
  p=0.001: linf=756.9, rel_spec=1145, rel_frob=1027  (0.0s)
  p=0.0005: linf=1436, rel_spec=1928, rel_frob=1729  (0.0s)
  p=0.0001: linf=4206, rel_spec=6897, rel_frob=6185  (0.0s)
  wrote /Users/itayg/PythonRepo/spectral-tree-inference/sub_sampled_fielder_vec/results/20260519-004802-nj_sweep_kingman_L10000/n128_L10000/nj_meta_extra.json
[recompute] n=256 L=10000 (rebuilding ground truth)...
  built D in 0.3s; computing ||D||...
  ||D||_2 = 128.8   ||D||_F = 141.3   ||D||_inf = 0.7163  (0.0s)
  p=1: linf=0.5044, rel_spec=0.007833, rel_frob=0.01597  (0.0s)
  p=0.9: linf=0.5603, rel_spec=0.1118, rel_frob=0.1711  (0.0s)
  p=0.5: linf=1.01, rel_spec=1.002, rel_frob=1.002  (0.0s)
  p=0.1: linf=6.422, rel_spec=9.027, rel_frob=8.334  (0.0s)
  p=0.05: linf=13.55, rel_spec=18.91, rel_frob=17.36  (0.0s)
  p=0.01: linf=70.25, rel_spec=100.3, rel_frob=91.71  (0.0s)
  p=0.005: linf=140.6, rel_spec=198, rel_frob=181  (0.0s)
  p=0.001: linf=704.1, rel_spec=999.7, rel_frob=913.2  (0.0s)
  p=0.0005: linf=1404, rel_spec=1996, rel_frob=1823  (0.0s)
  p=0.0001: linf=6213, rel_spec=1.064e+04, rel_frob=9716  (0.0s)
  wrote /Users/itayg/PythonRepo/spectral-tree-inference/sub_sampled_fielder_vec/results/20260519-004802-nj_sweep_kingman_L10000/n256_L10000/nj_meta_extra.json
[recompute] n=512 L=10000 (rebuilding ground truth)...
  built D in 0.7s; computing ||D||...
  ||D||_2 = 297.5   ||D||_F = 339.5   ||D||_inf = 0.9055  (0.0s)
  p=1: linf=0.5798, rel_spec=0.005847, rel_frob=0.01947  (0.0s)
  p=0.9: linf=0.6442, rel_spec=0.1117, rel_frob=0.1909  (0.0s)
  p=0.5: linf=1.158, rel_spec=0.9948, rel_frob=0.999  (0.0s)
  p=0.1: linf=8.125, rel_spec=8.965, rel_frob=7.997  (0.0s)
  p=0.05: linf=17.17, rel_spec=18.91, rel_frob=16.73  (0.0s)
  p=0.01: linf=89.21, rel_spec=98.16, rel_frob=86.24  (0.0s)
  p=0.005: linf=179.1, rel_spec=197.3, rel_frob=173.2  (0.0s)
  p=0.001: linf=895.7, rel_spec=1009, rel_frob=885.4  (0.0s)
  p=0.0005: linf=1785, rel_spec=1979, rel_frob=1736  (0.0s)
  p=0.0001: linf=8729, rel_spec=9522, rel_frob=8352  (0.0s)
  wrote /Users/itayg/PythonRepo/spectral-tree-inference/sub_sampled_fielder_vec/results/20260519-004802-nj_sweep_kingman_L10000/n512_L10000/nj_meta_extra.json
[recompute] n=1024 L=10000 (rebuilding ground truth)...
  built D in 2.1s; computing ||D||...
  ||D||_2 = 1020   ||D||_F = 1264   ||D||_inf = 1.775  (0.1s)
  p=1: linf=0.9906, rel_spec=0.003885, rel_frob=0.01728  (0.0s)
  p=0.9: linf=1.101, rel_spec=0.1116, rel_frob=0.2191  (0.1s)
  p=0.5: linf=1.98, rel_spec=0.9938, rel_frob=1  (0.1s)
  p=0.1: linf=15.97, rel_spec=8.964, rel_frob=7.455  (0.1s)
  p=0.05: linf=33.7, rel_spec=18.87, rel_frob=15.45  (0.1s)
  p=0.01: linf=175.5, rel_spec=98.81, rel_frob=79.99  (0.1s)
  p=0.005: linf=352.4, rel_spec=196.8, rel_frob=159.1  (0.0s)
  p=0.001: linf=1764, rel_spec=1016, rel_frob=820.6  (0.0s)
  p=0.0005: linf=3525, rel_spec=1986, rel_frob=1604  (0.0s)
  p=0.0001: linf=1.754e+04, rel_spec=9806, rel_frob=7917  (0.0s)
  wrote /Users/itayg/PythonRepo/spectral-tree-inference/sub_sampled_fielder_vec/results/20260519-004802-nj_sweep_kingman_L10000/n1024_L10000/nj_meta_extra.json

Done. Wrote:
  /Users/itayg/PythonRepo/spectral-tree-inference/sub_sampled_fielder_vec/results/20260519-004802-nj_sweep_kingman_L10000/n128_L10000/nj_meta_extra.json
  /Users/itayg/PythonRepo/spectral-tree-inference/sub_sampled_fielder_vec/results/20260519-004802-nj_sweep_kingman_L10000/n256_L10000/nj_meta_extra.json
  /Users/itayg/PythonRepo/spectral-tree-inference/sub_sampled_fielder_vec/results/20260519-004802-nj_sweep_kingman_L10000/n512_L10000/nj_meta_extra.json
  /Users/itayg/PythonRepo/spectral-tree-inference/sub_sampled_fielder_vec/results/20260519-004802-nj_sweep_kingman_L10000/n1024_L10000/nj_meta_extra.json
