
[nj_sweep] n=128, L=2000, p_values=[1.0, 0.9, 0.5, 0.1, 0.05, 0.01, 0.005, 0.001, 0.0005, 0.0001]
NJ | INFO | Building ground truth (n=128, L=2000)...
NJ | INFO |   p = 1 (5 reps)
NJ | INFO |   p = 0.9 (5 reps)
NJ | INFO |   p = 0.5 (5 reps)
NJ | INFO |   p = 0.1 (5 reps)
NJ | INFO |   p = 0.05 (5 reps)
NJ | INFO |   p = 0.01 (5 reps)
NJ | INFO |   p = 0.005 (5 reps)
NJ | INFO |   p = 0.001 (5 reps)
NJ | INFO |   p = 0.0005 (5 reps)
NJ | INFO |   p = 0.0001 (5 reps)
NJ | INFO | Wrote /Users/itayg/PythonRepo/spectral-tree-inference/sub_sampled_fielder_vec/results/20260514-085600-nj_sweep/n128_L2000/nj_meta.json + nj_arrays.npz (3.4s)

[nj_sweep] n=512, L=2000, p_values=[1.0, 0.9, 0.5, 0.1, 0.05, 0.01, 0.005, 0.001, 0.0005, 0.0001]
NJ | INFO | Building ground truth (n=512, L=2000)...
NJ | INFO |   p = 1 (5 reps)
NJ | INFO |   p = 0.9 (5 reps)
NJ | INFO |   p = 0.5 (5 reps)
NJ | INFO |   p = 0.1 (5 reps)
NJ | INFO |   p = 0.05 (5 reps)
NJ | INFO |   p = 0.01 (5 reps)
NJ | INFO |   p = 0.005 (5 reps)
NJ | INFO |   p = 0.001 (5 reps)
NJ | INFO |   p = 0.0005 (5 reps)
NJ | INFO |   p = 0.0001 (5 reps)
NJ | INFO | Wrote /Users/itayg/PythonRepo/spectral-tree-inference/sub_sampled_fielder_vec/results/20260514-085600-nj_sweep/n512_L2000/nj_meta.json + nj_arrays.npz (332.8s)

[nj_sweep] n=1024, L=2000, p_values=[1.0, 0.9, 0.5, 0.1, 0.05, 0.01, 0.005, 0.001, 0.0005, 0.0001]
NJ | INFO | Building ground truth (n=1024, L=2000)...
NJ | INFO |   p = 1 (5 reps)
NJ | INFO |   p = 0.9 (5 reps)
NJ | INFO |   p = 0.5 (5 reps)
NJ | INFO |   p = 0.1 (5 reps)
NJ | INFO |   p = 0.05 (5 reps)
NJ | INFO |   p = 0.01 (5 reps)
NJ | INFO |   p = 0.005 (5 reps)
NJ | INFO |   p = 0.001 (5 reps)
NJ | INFO |   p = 0.0005 (5 reps)
NJ | INFO |   p = 0.0001 (5 reps)
NJ | INFO | Wrote /Users/itayg/PythonRepo/spectral-tree-inference/sub_sampled_fielder_vec/results/20260514-085600-nj_sweep/n1024_L2000/nj_meta.json + nj_arrays.npz (1628.2s)

[nj_sweep] n=2048, L=2000, p_values=[1.0, 0.9, 0.5, 0.1, 0.05, 0.01, 0.005, 0.001, 0.0005, 0.0001]
NJ | INFO | Building ground truth (n=2048, L=2000)...
NJ | INFO |   p = 1 (5 reps)
NJ | INFO |   p = 0.9 (5 reps)
NJ | INFO |   p = 0.5 (5 reps)
NJ | INFO |   p = 0.1 (5 reps)
NJ | INFO |   p = 0.05 (5 reps)
NJ | INFO |   p = 0.01 (5 reps)
NJ | INFO |   p = 0.005 (5 reps)
NJ | INFO |   p = 0.001 (5 reps)
NJ | INFO |   p = 0.0005 (5 reps)
NJ | INFO |   p = 0.0001 (5 reps)
NJ | INFO | Wrote /Users/itayg/PythonRepo/spectral-tree-inference/sub_sampled_fielder_vec/results/20260514-085600-nj_sweep/n2048_L2000/nj_meta.json + nj_arrays.npz (19820.3s)

================================================================================
NJ sweep complete.
  n= 128 L= 2000 -> /Users/itayg/PythonRepo/spectral-tree-inference/sub_sampled_fielder_vec/results/20260514-085600-nj_sweep/n128_L2000
  n= 512 L= 2000 -> /Users/itayg/PythonRepo/spectral-tree-inference/sub_sampled_fielder_vec/results/20260514-085600-nj_sweep/n512_L2000
  n=1024 L= 2000 -> /Users/itayg/PythonRepo/spectral-tree-inference/sub_sampled_fielder_vec/results/20260514-085600-nj_sweep/n1024_L2000
  n=2048 L= 2000 -> /Users/itayg/PythonRepo/spectral-tree-inference/sub_sampled_fielder_vec/results/20260514-085600-nj_sweep/n2048_L2000
================================================================================

Plot with: python /Users/itayg/PythonRepo/spectral-tree-inference/sub_sampled_fielder_vec/scripts/plot_nj_three_panel.py /Users/itayg/PythonRepo/spectral-tree-inference/sub_sampled_fielder_vec/results/20260514-085600-nj_sweep
