================================================================================
Starting full sweep: taxa=[512, 1024, 2048, 4096], L=10000, mu=0.05, reps=10
p values: [0.01, 0.02, 0.05, 0.1, 0.25, 0.5, 0.75, 1.0]
with_similarity: False
================================================================================
Saved sweep config to /Users/itayg/PythonRepo/spectral-tree-inference/sub_sampled_fielder_vec/results/balanced_binary/distance_a1p000/uniform/20260511-121225-distance_a1_n512_4096_L10000/sweep_config.json

================================================================================
Grid Sweep Base Directory: /Users/itayg/PythonRepo/spectral-tree-inference/sub_sampled_fielder_vec/results/balanced_binary/distance_a1p000/uniform/20260511-121225-distance_a1_n512_4096_L10000
================================================================================


>>> DISTANCE sweep: /Users/itayg/PythonRepo/spectral-tree-inference/sub_sampled_fielder_vec/results/balanced_binary/distance_a1p000/uniform/20260511-121225-distance_a1_n512_4096_L10000


--------------------------------------------------------------------------------
Launching experiment for balanced_binary tree: n=512, L=10000
Sampling method: uniform

================================================================================
SPECTRAL TREE INFERENCE - Sub-sampled STDR Experiment
================================================================================
Experiment Type:    Single Configuration
Configurations:     n=512, L=10000
Tree Model:         balanced_binary
Sequence Model:     JC69
Mutation Rate:      μ = 0.05
P-values:           8 values from 1.00e-02 to 1.00e+00
Bootstrap Reps:     10
Display Mode:       progress
Run Name:           distance_a1_n512_4096_L10000
================================================================================

EXPERIMENT_RUNNER | INFO | Log file created: /Users/itayg/PythonRepo/spectral-tree-inference/sub_sampled_fielder_vec/results/balanced_binary/distance_a1p000/uniform/20260511-121225-distance_a1_n512_4096_L10000/n512_L10000/experiment.log
EXPERIMENT_RUNNER | INFO | All progress will be logged to this file
BOOTSTRAP_SWEEP | INFO | Generating tree and sequences...
BOOTSTRAP_SWEEP | INFO | Computing full paralinear distance matrix (α=1.0)...
BOOTSTRAP_SWEEP | INFO | Computing reference Fiedler vector...
BOOTSTRAP_SWEEP | INFO | Processing p-value 1/8: p=0.01
BOOTSTRAP_SWEEP | INFO | Completed 10 bootstrap iterations for p=0.01
BOOTSTRAP_SWEEP | INFO | p=0.01 results: sign=52.34%, part_M=52.34%, part_S=52.34%, dot=0.1996, σ2_M=5.8206, σ2_S=0.0000, split_M=250-262, split_S=250-262, source=computed
BOOTSTRAP_SWEEP | INFO | Processing p-value 2/8: p=0.02
BOOTSTRAP_SWEEP | INFO | Completed 10 bootstrap iterations for p=0.02
BOOTSTRAP_SWEEP | INFO | p=0.02 results: sign=49.22%, part_M=50.78%, part_S=50.78%, dot=0.1929, σ2_M=5.8136, σ2_S=0.0000, split_M=240-272, split_S=240-272, source=computed
BOOTSTRAP_SWEEP | INFO | Processing p-value 3/8: p=0.05
BOOTSTRAP_SWEEP | INFO | Completed 10 bootstrap iterations for p=0.05
BOOTSTRAP_SWEEP | INFO | p=0.05 results: sign=70.31%, part_M=70.31%, part_S=70.31%, dot=0.1964, σ2_M=4.6332, σ2_S=0.0001, split_M=200-312, split_S=200-312, source=computed
BOOTSTRAP_SWEEP | INFO | Processing p-value 4/8: p=0.1
BOOTSTRAP_SWEEP | INFO | Completed 10 bootstrap iterations for p=0.1
BOOTSTRAP_SWEEP | INFO | p=0.1 results: sign=100.00%, part_M=100.00%, part_S=100.00%, dot=0.9977, σ2_M=0.1266, σ2_S=0.0000, split_M=256-256, split_S=256-256, source=computed
BOOTSTRAP_SWEEP | INFO | Processing p-value 5/8: p=0.25
BOOTSTRAP_SWEEP | INFO | Completed 10 bootstrap iterations for p=0.25
BOOTSTRAP_SWEEP | INFO | p=0.25 results: sign=100.00%, part_M=100.00%, part_S=100.00%, dot=0.9987, σ2_M=0.1266, σ2_S=0.0000, split_M=256-256, split_S=256-256, source=computed
Fiedler vectors plot saved to: /Users/itayg/PythonRepo/spectral-tree-inference/sub_sampled_fielder_vec/results/balanced_binary/distance_a1p000/uniform/20260511-121225-distance_a1_n512_4096_L10000/n512_L10000/fiedler_vectors.png
EXPERIMENT_RUNNER | INFO | Generating tree partition visualizations...
✓ Tree partition saved: tree_partition_n512 (tree.pdf/svg, fiedler.pdf/png, .nwk, .partition.txt)
✓ Combined plot saved: tree_partition_n512.combined.pdf/png
EXPERIMENT_RUNNER | INFO | Tree partition visualizations saved to: /Users/itayg/PythonRepo/spectral-tree-inference/sub_sampled_fielder_vec/results/balanced_binary/distance_a1p000/uniform/20260511-121225-distance_a1_n512_4096_L10000/n512_L10000/tree_plots/tree_partition_n512
EXPERIMENT_RUNNER | INFO | Completed! Results saved to: /Users/itayg/PythonRepo/spectral-tree-inference/sub_sampled_fielder_vec/results/balanced_binary/distance_a1p000/uniform/20260511-121225-distance_a1_n512_4096_L10000/n512_L10000
  [distance] n=512 L=10000 done in 0.5 min  -> /Users/itayg/PythonRepo/spectral-tree-inference/sub_sampled_fielder_vec/results/balanced_binary/distance_a1p000/uniform/20260511-121225-distance_a1_n512_4096_L10000/n512_L10000

--------------------------------------------------------------------------------
Launching experiment for balanced_binary tree: n=1024, L=10000
Sampling method: uniform

================================================================================
SPECTRAL TREE INFERENCE - Sub-sampled STDR Experiment
================================================================================
Experiment Type:    Single Configuration
Configurations:     n=1024, L=10000
Tree Model:         balanced_binary
Sequence Model:     JC69
Mutation Rate:      μ = 0.05
P-values:           8 values from 1.00e-02 to 1.00e+00
Bootstrap Reps:     10
Display Mode:       progress
Run Name:           distance_a1_n512_4096_L10000
================================================================================

EXPERIMENT_RUNNER | INFO | Log file created: /Users/itayg/PythonRepo/spectral-tree-inference/sub_sampled_fielder_vec/results/balanced_binary/distance_a1p000/uniform/20260511-121225-distance_a1_n512_4096_L10000/n1024_L10000/experiment.log
EXPERIMENT_RUNNER | INFO | All progress will be logged to this file
BOOTSTRAP_SWEEP | INFO | Generating tree and sequences...
BOOTSTRAP_SWEEP | INFO | Computing full paralinear distance matrix (α=1.0)...
BOOTSTRAP_SWEEP | INFO | Computing reference Fiedler vector...
BOOTSTRAP_SWEEP | INFO | Processing p-value 1/8: p=0.01
BOOTSTRAP_SWEEP | INFO | Completed 10 bootstrap iterations for p=0.01
BOOTSTRAP_SWEEP | INFO | p=0.01 results: sign=49.02%, part_M=50.98%, part_S=50.98%, dot=0.1390, σ2_M=8.1865, σ2_S=0.0000, split_M=506-518, split_S=506-518, source=computed
BOOTSTRAP_SWEEP | INFO | Processing p-value 2/8: p=0.02
BOOTSTRAP_SWEEP | INFO | Completed 10 bootstrap iterations for p=0.02
BOOTSTRAP_SWEEP | INFO | p=0.02 results: sign=53.61%, part_M=53.61%, part_S=53.61%, dot=0.1263, σ2_M=8.1474, σ2_S=0.0000, split_M=491-533, split_S=491-533, source=computed
BOOTSTRAP_SWEEP | INFO | Processing p-value 3/8: p=0.05
BOOTSTRAP_SWEEP | INFO | Completed 10 bootstrap iterations for p=0.05
BOOTSTRAP_SWEEP | INFO | p=0.05 results: sign=52.34%, part_M=52.34%, part_S=52.34%, dot=0.1298, σ2_M=8.1680, σ2_S=0.0001, split_M=508-516, split_S=508-516, source=computed
BOOTSTRAP_SWEEP | INFO | Processing p-value 4/8: p=0.1
BOOTSTRAP_SWEEP | INFO | Completed 10 bootstrap iterations for p=0.1
BOOTSTRAP_SWEEP | INFO | p=0.1 results: sign=100.00%, part_M=100.00%, part_S=100.00%, dot=0.9768, σ2_M=0.1267, σ2_S=0.0000, split_M=512-512, split_S=512-512, source=computed
BOOTSTRAP_SWEEP | INFO | Processing p-value 5/8: p=0.25
BOOTSTRAP_SWEEP | INFO | Completed 10 bootstrap iterations for p=0.25
BOOTSTRAP_SWEEP | INFO | p=0.25 results: sign=100.00%, part_M=100.00%, part_S=100.00%, dot=0.9986, σ2_M=0.1267, σ2_S=0.0000, split_M=512-512, split_S=512-512, source=computed
Fiedler vectors plot saved to: /Users/itayg/PythonRepo/spectral-tree-inference/sub_sampled_fielder_vec/results/balanced_binary/distance_a1p000/uniform/20260511-121225-distance_a1_n512_4096_L10000/n1024_L10000/fiedler_vectors.png
EXPERIMENT_RUNNER | INFO | Generating tree partition visualizations...
✓ Tree partition saved: tree_partition_n1024 (tree.pdf/svg, fiedler.pdf/png, .nwk, .partition.txt)
✓ Combined plot saved: tree_partition_n1024.combined.pdf/png
EXPERIMENT_RUNNER | INFO | Tree partition visualizations saved to: /Users/itayg/PythonRepo/spectral-tree-inference/sub_sampled_fielder_vec/results/balanced_binary/distance_a1p000/uniform/20260511-121225-distance_a1_n512_4096_L10000/n1024_L10000/tree_plots/tree_partition_n1024
EXPERIMENT_RUNNER | INFO | Completed! Results saved to: /Users/itayg/PythonRepo/spectral-tree-inference/sub_sampled_fielder_vec/results/balanced_binary/distance_a1p000/uniform/20260511-121225-distance_a1_n512_4096_L10000/n1024_L10000
  [distance] n=1024 L=10000 done in 2.9 min  -> /Users/itayg/PythonRepo/spectral-tree-inference/sub_sampled_fielder_vec/results/balanced_binary/distance_a1p000/uniform/20260511-121225-distance_a1_n512_4096_L10000/n1024_L10000

--------------------------------------------------------------------------------
Launching experiment for balanced_binary tree: n=2048, L=10000
Sampling method: uniform

================================================================================
SPECTRAL TREE INFERENCE - Sub-sampled STDR Experiment
================================================================================
Experiment Type:    Single Configuration
Configurations:     n=2048, L=10000
Tree Model:         balanced_binary
Sequence Model:     JC69
Mutation Rate:      μ = 0.05
P-values:           8 values from 1.00e-02 to 1.00e+00
Bootstrap Reps:     10
Display Mode:       progress
Run Name:           distance_a1_n512_4096_L10000
================================================================================

EXPERIMENT_RUNNER | INFO | Log file created: /Users/itayg/PythonRepo/spectral-tree-inference/sub_sampled_fielder_vec/results/balanced_binary/distance_a1p000/uniform/20260511-121225-distance_a1_n512_4096_L10000/n2048_L10000/experiment.log
EXPERIMENT_RUNNER | INFO | All progress will be logged to this file
BOOTSTRAP_SWEEP | INFO | Generating tree and sequences...
BOOTSTRAP_SWEEP | INFO | Computing full paralinear distance matrix (α=1.0)...
BOOTSTRAP_SWEEP | INFO | Computing reference Fiedler vector...
BOOTSTRAP_SWEEP | INFO | Processing p-value 1/8: p=0.01
BOOTSTRAP_SWEEP | INFO | Completed 10 bootstrap iterations for p=0.01
BOOTSTRAP_SWEEP | INFO | p=0.01 results: sign=51.12%, part_M=51.12%, part_S=51.12%, dot=0.0975, σ2_M=11.2664, σ2_S=0.0000, split_M=999-1049, split_S=999-1049, source=computed
BOOTSTRAP_SWEEP | INFO | Processing p-value 2/8: p=0.02
BOOTSTRAP_SWEEP | INFO | Completed 10 bootstrap iterations for p=0.02
BOOTSTRAP_SWEEP | INFO | p=0.02 results: sign=52.88%, part_M=52.88%, part_S=52.88%, dot=0.0891, σ2_M=11.2154, σ2_S=0.0000, split_M=1021-1027, split_S=1021-1027, source=computed
BOOTSTRAP_SWEEP | INFO | Processing p-value 3/8: p=0.05
BOOTSTRAP_SWEEP | INFO | Completed 10 bootstrap iterations for p=0.05
BOOTSTRAP_SWEEP | INFO | p=0.05 results: sign=55.27%, part_M=55.27%, part_S=55.27%, dot=0.1227, σ2_M=10.6699, σ2_S=0.0001, split_M=982-1066, split_S=982-1066, source=computed
BOOTSTRAP_SWEEP | INFO | Processing p-value 4/8: p=0.1
BOOTSTRAP_SWEEP | INFO | Completed 10 bootstrap iterations for p=0.1
BOOTSTRAP_SWEEP | INFO | p=0.1 results: sign=100.00%, part_M=100.00%, part_S=100.00%, dot=0.8012, σ2_M=0.2575, σ2_S=0.0000, split_M=1024-1024, split_S=1024-1024, source=computed
BOOTSTRAP_SWEEP | INFO | Processing p-value 5/8: p=0.25
BOOTSTRAP_SWEEP | INFO | Completed 10 bootstrap iterations for p=0.25
BOOTSTRAP_SWEEP | INFO | p=0.25 results: sign=100.00%, part_M=100.00%, part_S=100.00%, dot=0.9980, σ2_M=0.2575, σ2_S=0.0000, split_M=1024-1024, split_S=1024-1024, source=computed
Fiedler vectors plot saved to: /Users/itayg/PythonRepo/spectral-tree-inference/sub_sampled_fielder_vec/results/balanced_binary/distance_a1p000/uniform/20260511-121225-distance_a1_n512_4096_L10000/n2048_L10000/fiedler_vectors.png
EXPERIMENT_RUNNER | INFO | Generating tree partition visualizations...
✓ Tree partition saved: tree_partition_n2048 (tree.pdf/svg, fiedler.pdf/png, .nwk, .partition.txt)
✓ Combined plot saved: tree_partition_n2048.combined.pdf/png
EXPERIMENT_RUNNER | INFO | Tree partition visualizations saved to: /Users/itayg/PythonRepo/spectral-tree-inference/sub_sampled_fielder_vec/results/balanced_binary/distance_a1p000/uniform/20260511-121225-distance_a1_n512_4096_L10000/n2048_L10000/tree_plots/tree_partition_n2048
EXPERIMENT_RUNNER | INFO | Completed! Results saved to: /Users/itayg/PythonRepo/spectral-tree-inference/sub_sampled_fielder_vec/results/balanced_binary/distance_a1p000/uniform/20260511-121225-distance_a1_n512_4096_L10000/n2048_L10000
  [distance] n=2048 L=10000 done in 18.9 min  -> /Users/itayg/PythonRepo/spectral-tree-inference/sub_sampled_fielder_vec/results/balanced_binary/distance_a1p000/uniform/20260511-121225-distance_a1_n512_4096_L10000/n2048_L10000

--------------------------------------------------------------------------------
Launching experiment for balanced_binary tree: n=4096, L=10000
Sampling method: uniform

================================================================================
SPECTRAL TREE INFERENCE - Sub-sampled STDR Experiment
================================================================================
Experiment Type:    Single Configuration
Configurations:     n=4096, L=10000
Tree Model:         balanced_binary
Sequence Model:     JC69
Mutation Rate:      μ = 0.05
P-values:           8 values from 1.00e-02 to 1.00e+00
Bootstrap Reps:     10
Display Mode:       progress
Run Name:           distance_a1_n512_4096_L10000
================================================================================

EXPERIMENT_RUNNER | INFO | Log file created: /Users/itayg/PythonRepo/spectral-tree-inference/sub_sampled_fielder_vec/results/balanced_binary/distance_a1p000/uniform/20260511-121225-distance_a1_n512_4096_L10000/n4096_L10000/experiment.log
EXPERIMENT_RUNNER | INFO | All progress will be logged to this file
BOOTSTRAP_SWEEP | INFO | Generating tree and sequences...
BOOTSTRAP_SWEEP | INFO | Computing full paralinear distance matrix (α=1.0)...
BOOTSTRAP_SWEEP | INFO | Computing reference Fiedler vector...
BOOTSTRAP_SWEEP | INFO | Processing p-value 1/8: p=0.01
BOOTSTRAP_SWEEP | INFO | Completed 10 bootstrap iterations for p=0.01
BOOTSTRAP_SWEEP | INFO | p=0.01 results: sign=49.54%, part_M=50.46%, part_S=50.46%, dot=0.0687, σ2_M=15.4774, σ2_S=0.0000, split_M=2007-2089, split_S=2007-2089, source=computed
BOOTSTRAP_SWEEP | INFO | Processing p-value 2/8: p=0.02
BOOTSTRAP_SWEEP | INFO | Completed 10 bootstrap iterations for p=0.02
BOOTSTRAP_SWEEP | INFO | p=0.02 results: sign=50.54%, part_M=50.54%, part_S=50.54%, dot=0.0179, σ2_M=15.4670, σ2_S=0.0000, split_M=2018-2078, split_S=2018-2078, source=computed
BOOTSTRAP_SWEEP | INFO | Processing p-value 3/8: p=0.05
BOOTSTRAP_SWEEP | INFO | Completed 10 bootstrap iterations for p=0.05
BOOTSTRAP_SWEEP | INFO | p=0.05 results: sign=51.37%, part_M=51.37%, part_S=51.37%, dot=0.0889, σ2_M=15.4093, σ2_S=0.0001, split_M=2020-2076, split_S=2020-2076, source=computed
BOOTSTRAP_SWEEP | INFO | Processing p-value 4/8: p=0.1
BOOTSTRAP_SWEEP | INFO | Completed 10 bootstrap iterations for p=0.1
BOOTSTRAP_SWEEP | INFO | p=0.1 results: sign=100.00%, part_M=100.00%, part_S=100.00%, dot=0.5050, σ2_M=0.3351, σ2_S=0.0000, split_M=2048-2048, split_S=2048-2048, source=computed
BOOTSTRAP_SWEEP | INFO | Processing p-value 5/8: p=0.25
BOOTSTRAP_SWEEP | INFO | Completed 10 bootstrap iterations for p=0.25
BOOTSTRAP_SWEEP | INFO | p=0.25 results: sign=100.00%, part_M=100.00%, part_S=100.00%, dot=0.9972, σ2_M=0.3351, σ2_S=0.0000, split_M=2048-2048, split_S=2048-2048, source=computed
Fiedler vectors plot saved to: /Users/itayg/PythonRepo/spectral-tree-inference/sub_sampled_fielder_vec/results/balanced_binary/distance_a1p000/uniform/20260511-121225-distance_a1_n512_4096_L10000/n4096_L10000/fiedler_vectors.png
EXPERIMENT_RUNNER | INFO | Generating tree partition visualizations...
✓ Tree partition saved: tree_partition_n4096 (tree.pdf/svg, fiedler.pdf/png, .nwk, .partition.txt)
✓ Combined plot saved: tree_partition_n4096.combined.pdf/png
EXPERIMENT_RUNNER | INFO | Tree partition visualizations saved to: /Users/itayg/PythonRepo/spectral-tree-inference/sub_sampled_fielder_vec/results/balanced_binary/distance_a1p000/uniform/20260511-121225-distance_a1_n512_4096_L10000/n4096_L10000/tree_plots/tree_partition_n4096
EXPERIMENT_RUNNER | INFO | Completed! Results saved to: /Users/itayg/PythonRepo/spectral-tree-inference/sub_sampled_fielder_vec/results/balanced_binary/distance_a1p000/uniform/20260511-121225-distance_a1_n512_4096_L10000/n4096_L10000
  [distance] n=4096 L=10000 done in 138.1 min  -> /Users/itayg/PythonRepo/spectral-tree-inference/sub_sampled_fielder_vec/results/balanced_binary/distance_a1p000/uniform/20260511-121225-distance_a1_n512_4096_L10000/n4096_L10000

Wrote merged grid with 32 rows to /Users/itayg/PythonRepo/spectral-tree-inference/sub_sampled_fielder_vec/results/balanced_binary/distance_a1p000/uniform/20260511-121225-distance_a1_n512_4096_L10000/results_grid_merged.json
Taxa sweep plot saved to: /Users/itayg/PythonRepo/spectral-tree-inference/sub_sampled_fielder_vec/results/balanced_binary/distance_a1p000/uniform/20260511-121225-distance_a1_n512_4096_L10000/partition_agreement.png
Generated combined plot: /Users/itayg/PythonRepo/spectral-tree-inference/sub_sampled_fielder_vec/results/balanced_binary/distance_a1p000/uniform/20260511-121225-distance_a1_n512_4096_L10000/partition_agreement.png

================================================================================
SWEEPS DONE in 160.4 min
  distance    -> /Users/itayg/PythonRepo/spectral-tree-inference/sub_sampled_fielder_vec/results/balanced_binary/distance_a1p000/uniform/20260511-121225-distance_a1_n512_4096_L10000
================================================================================
