Saved sweep config to /Users/itayg/PythonRepo/spectral-tree-inference/sub_sampled_fielder_vec/results/balanced_binary/distance_a1p000/uniform/20260512-103418-distance_a1_n8192_L10000/sweep_config.json

================================================================================
Grid Sweep Base Directory: /Users/itayg/PythonRepo/spectral-tree-inference/sub_sampled_fielder_vec/results/balanced_binary/distance_a1p000/uniform/20260512-103418-distance_a1_n8192_L10000
================================================================================


>>> DISTANCE n=8192 sweep: /Users/itayg/PythonRepo/spectral-tree-inference/sub_sampled_fielder_vec/results/balanced_binary/distance_a1p000/uniform/20260512-103418-distance_a1_n8192_L10000


--------------------------------------------------------------------------------
Launching experiment for balanced_binary tree: n=8192, L=10000
Sampling method: uniform

================================================================================
SPECTRAL TREE INFERENCE - Sub-sampled STDR Experiment
================================================================================
Experiment Type:    Single Configuration
Configurations:     n=8192, L=10000
Tree Model:         balanced_binary
Sequence Model:     JC69
Mutation Rate:      μ = 0.05
P-values:           8 values from 1.00e-02 to 1.00e+00
Bootstrap Reps:     10
Display Mode:       progress
Run Name:           distance_a1_n8192_L10000
================================================================================

EXPERIMENT_RUNNER | INFO | Log file created: /Users/itayg/PythonRepo/spectral-tree-inference/sub_sampled_fielder_vec/results/balanced_binary/distance_a1p000/uniform/20260512-103418-distance_a1_n8192_L10000/n8192_L10000/experiment.log
EXPERIMENT_RUNNER | INFO | All progress will be logged to this file
BOOTSTRAP_SWEEP | INFO | Generating tree and sequences...
BOOTSTRAP_SWEEP | INFO | Computing full paralinear distance matrix (α=1.0)...
BOOTSTRAP_SWEEP | INFO | Computing reference Fiedler vector...
BOOTSTRAP_SWEEP | INFO | Processing p-value 1/8: p=0.01
BOOTSTRAP_SWEEP | INFO | Completed 10 bootstrap iterations for p=0.01
BOOTSTRAP_SWEEP | INFO | p=0.01 results: sign=50.83%, part_M=50.83%, part_S=50.83%, dot=0.0474, σ2_M=20.8560, σ2_S=0.0000, split_M=4066-4126, split_S=4066-4126, source=computed
BOOTSTRAP_SWEEP | INFO | Processing p-value 2/8: p=0.02
BOOTSTRAP_SWEEP | INFO | Completed 10 bootstrap iterations for p=0.02
BOOTSTRAP_SWEEP | INFO | p=0.02 results: sign=50.61%, part_M=50.61%, part_S=50.61%, dot=0.0243, σ2_M=20.8718, σ2_S=0.0000, split_M=4068-4124, split_S=4068-4124, source=computed
BOOTSTRAP_SWEEP | INFO | Processing p-value 3/8: p=0.05
/Users/itayg/.pyenv/versions/3.12.8/lib/python3.12/multiprocessing/resource_tracker.py:254: UserWarning: resource_tracker: There appear to be 1 leaked semaphore objects to clean up at shutdown
  warnings.warn('resource_tracker: There appear to be %d '
