================================================================================
Starting full sweep: taxa=[512, 1024, 2048, 4096], L=10000, mu=0.05, reps=10
p values: [0.01, 0.02, 0.05, 0.1, 0.25, 0.5, 0.75, 1.0]
================================================================================
Saved sweep config to /Users/itayg/PythonRepo/spectral-tree-inference/sub_sampled_fielder_vec/results/balanced_binary/distance_a1p000/uniform/20260510-230423-distance_a1_n512_4096_L10000/sweep_config.json

================================================================================
Grid Sweep Base Directory: /Users/itayg/PythonRepo/spectral-tree-inference/sub_sampled_fielder_vec/results/balanced_binary/distance_a1p000/uniform/20260510-230423-distance_a1_n512_4096_L10000
================================================================================


>>> DISTANCE sweep: /Users/itayg/PythonRepo/spectral-tree-inference/sub_sampled_fielder_vec/results/balanced_binary/distance_a1p000/uniform/20260510-230423-distance_a1_n512_4096_L10000


--------------------------------------------------------------------------------
Launching experiment for balanced_binary tree: n=512, L=10000
Sampling method: uniform

================================================================================
SPECTRAL TREE INFERENCE - Sub-sampled STDR Experiment
================================================================================
Experiment Type:    Single Configuration
Configurations:     n=512, L=10000
Tree Model:         balanced_binary
Sequence Model:     JC69
Mutation Rate:      μ = 0.05
P-values:           8 values from 1.00e-02 to 1.00e+00
Bootstrap Reps:     10
Display Mode:       progress
Run Name:           distance_a1_n512_4096_L10000
================================================================================

EXPERIMENT_RUNNER | INFO | Log file created: /Users/itayg/PythonRepo/spectral-tree-inference/sub_sampled_fielder_vec/results/balanced_binary/distance_a1p000/uniform/20260510-230423-distance_a1_n512_4096_L10000/n512_L10000/experiment.log
EXPERIMENT_RUNNER | INFO | All progress will be logged to this file
BOOTSTRAP_SWEEP | INFO | Generating tree and sequences...
BOOTSTRAP_SWEEP | INFO | Computing full paralinear distance matrix (α=1.0)...
BOOTSTRAP_SWEEP | INFO | Computing reference Fiedler vector...
BOOTSTRAP_SWEEP | INFO | Processing p-value 1/8: p=0.01
BOOTSTRAP_SWEEP | INFO | Completed 10 bootstrap iterations for p=0.01
BOOTSTRAP_SWEEP | INFO | p=0.01 results: sign=51.56%, part_M=51.56%, part_S=51.56%, dot=0.1551, σ2_M=5.8126, σ2_S=0.0000, split_M=256-256, split_S=256-256, source=computed
BOOTSTRAP_SWEEP | INFO | Processing p-value 2/8: p=0.02
BOOTSTRAP_SWEEP | INFO | Completed 10 bootstrap iterations for p=0.02
BOOTSTRAP_SWEEP | INFO | p=0.02 results: sign=54.10%, part_M=54.10%, part_S=54.10%, dot=0.1953, σ2_M=5.7437, σ2_S=0.0000, split_M=249-263, split_S=249-263, source=computed
BOOTSTRAP_SWEEP | INFO | Processing p-value 3/8: p=0.05
BOOTSTRAP_SWEEP | INFO | Completed 10 bootstrap iterations for p=0.05
BOOTSTRAP_SWEEP | INFO | p=0.05 results: sign=65.43%, part_M=65.43%, part_S=65.43%, dot=0.2229, σ2_M=5.1618, σ2_S=0.0001, split_M=233-279, split_S=233-279, source=computed
BOOTSTRAP_SWEEP | INFO | Processing p-value 4/8: p=0.1
BOOTSTRAP_SWEEP | INFO | Completed 10 bootstrap iterations for p=0.1
BOOTSTRAP_SWEEP | INFO | p=0.1 results: sign=100.00%, part_M=100.00%, part_S=100.00%, dot=0.9984, σ2_M=0.0868, σ2_S=0.0000, split_M=256-256, split_S=256-256, source=computed
BOOTSTRAP_SWEEP | INFO | Processing p-value 5/8: p=0.25
BOOTSTRAP_SWEEP | INFO | Completed 10 bootstrap iterations for p=0.25
BOOTSTRAP_SWEEP | INFO | p=0.25 results: sign=100.00%, part_M=100.00%, part_S=100.00%, dot=0.9989, σ2_M=0.0868, σ2_S=0.0000, split_M=256-256, split_S=256-256, source=computed
Fiedler vectors plot saved to: /Users/itayg/PythonRepo/spectral-tree-inference/sub_sampled_fielder_vec/results/balanced_binary/distance_a1p000/uniform/20260510-230423-distance_a1_n512_4096_L10000/n512_L10000/fiedler_vectors.png
EXPERIMENT_RUNNER | INFO | Generating tree partition visualizations...
✓ Tree partition saved: tree_partition_n512 (tree.pdf/svg, fiedler.pdf/png, .nwk, .partition.txt)
✓ Combined plot saved: tree_partition_n512.combined.pdf/png
EXPERIMENT_RUNNER | INFO | Tree partition visualizations saved to: /Users/itayg/PythonRepo/spectral-tree-inference/sub_sampled_fielder_vec/results/balanced_binary/distance_a1p000/uniform/20260510-230423-distance_a1_n512_4096_L10000/n512_L10000/tree_plots/tree_partition_n512
EXPERIMENT_RUNNER | INFO | Completed! Results saved to: /Users/itayg/PythonRepo/spectral-tree-inference/sub_sampled_fielder_vec/results/balanced_binary/distance_a1p000/uniform/20260510-230423-distance_a1_n512_4096_L10000/n512_L10000
  [distance] n=512 L=10000 done in 0.5 min  -> /Users/itayg/PythonRepo/spectral-tree-inference/sub_sampled_fielder_vec/results/balanced_binary/distance_a1p000/uniform/20260510-230423-distance_a1_n512_4096_L10000/n512_L10000

--------------------------------------------------------------------------------
Launching experiment for balanced_binary tree: n=1024, L=10000
Sampling method: uniform

================================================================================
SPECTRAL TREE INFERENCE - Sub-sampled STDR Experiment
================================================================================
Experiment Type:    Single Configuration
Configurations:     n=1024, L=10000
Tree Model:         balanced_binary
Sequence Model:     JC69
Mutation Rate:      μ = 0.05
P-values:           8 values from 1.00e-02 to 1.00e+00
Bootstrap Reps:     10
Display Mode:       progress
Run Name:           distance_a1_n512_4096_L10000
================================================================================

EXPERIMENT_RUNNER | INFO | Log file created: /Users/itayg/PythonRepo/spectral-tree-inference/sub_sampled_fielder_vec/results/balanced_binary/distance_a1p000/uniform/20260510-230423-distance_a1_n512_4096_L10000/n1024_L10000/experiment.log
EXPERIMENT_RUNNER | INFO | All progress will be logged to this file
BOOTSTRAP_SWEEP | INFO | Generating tree and sequences...
BOOTSTRAP_SWEEP | INFO | Computing full paralinear distance matrix (α=1.0)...
BOOTSTRAP_SWEEP | INFO | Computing reference Fiedler vector...
BOOTSTRAP_SWEEP | INFO | Processing p-value 1/8: p=0.01
BOOTSTRAP_SWEEP | INFO | Completed 10 bootstrap iterations for p=0.01
BOOTSTRAP_SWEEP | INFO | p=0.01 results: sign=47.85%, part_M=52.15%, part_S=52.15%, dot=0.1364, σ2_M=8.0031, σ2_S=0.0000, split_M=492-532, split_S=492-532, source=computed
BOOTSTRAP_SWEEP | INFO | Processing p-value 2/8: p=0.02
BOOTSTRAP_SWEEP | INFO | Completed 10 bootstrap iterations for p=0.02
BOOTSTRAP_SWEEP | INFO | p=0.02 results: sign=53.03%, part_M=53.03%, part_S=53.03%, dot=0.1245, σ2_M=7.9816, σ2_S=0.0000, split_M=505-519, split_S=505-519, source=computed
BOOTSTRAP_SWEEP | INFO | Processing p-value 3/8: p=0.05
BOOTSTRAP_SWEEP | INFO | Completed 10 bootstrap iterations for p=0.05
BOOTSTRAP_SWEEP | INFO | p=0.05 results: sign=53.42%, part_M=53.42%, part_S=53.42%, dot=0.1253, σ2_M=7.9899, σ2_S=0.0001, split_M=501-523, split_S=501-523, source=computed
BOOTSTRAP_SWEEP | INFO | Processing p-value 4/8: p=0.1
BOOTSTRAP_SWEEP | INFO | Completed 10 bootstrap iterations for p=0.1
BOOTSTRAP_SWEEP | INFO | p=0.1 results: sign=100.00%, part_M=100.00%, part_S=100.00%, dot=0.9740, σ2_M=0.1422, σ2_S=0.0000, split_M=512-512, split_S=512-512, source=computed
BOOTSTRAP_SWEEP | INFO | Processing p-value 5/8: p=0.25
BOOTSTRAP_SWEEP | INFO | Completed 10 bootstrap iterations for p=0.25
BOOTSTRAP_SWEEP | INFO | p=0.25 results: sign=100.00%, part_M=100.00%, part_S=100.00%, dot=0.9984, σ2_M=0.1422, σ2_S=0.0000, split_M=512-512, split_S=512-512, source=computed
Fiedler vectors plot saved to: /Users/itayg/PythonRepo/spectral-tree-inference/sub_sampled_fielder_vec/results/balanced_binary/distance_a1p000/uniform/20260510-230423-distance_a1_n512_4096_L10000/n1024_L10000/fiedler_vectors.png
EXPERIMENT_RUNNER | INFO | Generating tree partition visualizations...
✓ Tree partition saved: tree_partition_n1024 (tree.pdf/svg, fiedler.pdf/png, .nwk, .partition.txt)
✓ Combined plot saved: tree_partition_n1024.combined.pdf/png
EXPERIMENT_RUNNER | INFO | Tree partition visualizations saved to: /Users/itayg/PythonRepo/spectral-tree-inference/sub_sampled_fielder_vec/results/balanced_binary/distance_a1p000/uniform/20260510-230423-distance_a1_n512_4096_L10000/n1024_L10000/tree_plots/tree_partition_n1024
EXPERIMENT_RUNNER | INFO | Completed! Results saved to: /Users/itayg/PythonRepo/spectral-tree-inference/sub_sampled_fielder_vec/results/balanced_binary/distance_a1p000/uniform/20260510-230423-distance_a1_n512_4096_L10000/n1024_L10000
  [distance] n=1024 L=10000 done in 3.4 min  -> /Users/itayg/PythonRepo/spectral-tree-inference/sub_sampled_fielder_vec/results/balanced_binary/distance_a1p000/uniform/20260510-230423-distance_a1_n512_4096_L10000/n1024_L10000

--------------------------------------------------------------------------------
Launching experiment for balanced_binary tree: n=2048, L=10000
Sampling method: uniform

================================================================================
SPECTRAL TREE INFERENCE - Sub-sampled STDR Experiment
================================================================================
Experiment Type:    Single Configuration
Configurations:     n=2048, L=10000
Tree Model:         balanced_binary
Sequence Model:     JC69
Mutation Rate:      μ = 0.05
P-values:           8 values from 1.00e-02 to 1.00e+00
Bootstrap Reps:     10
Display Mode:       progress
Run Name:           distance_a1_n512_4096_L10000
================================================================================

EXPERIMENT_RUNNER | INFO | Log file created: /Users/itayg/PythonRepo/spectral-tree-inference/sub_sampled_fielder_vec/results/balanced_binary/distance_a1p000/uniform/20260510-230423-distance_a1_n512_4096_L10000/n2048_L10000/experiment.log
EXPERIMENT_RUNNER | INFO | All progress will be logged to this file
BOOTSTRAP_SWEEP | INFO | Generating tree and sequences...
BOOTSTRAP_SWEEP | INFO | Computing full paralinear distance matrix (α=1.0)...
BOOTSTRAP_SWEEP | INFO | Computing reference Fiedler vector...
BOOTSTRAP_SWEEP | INFO | Processing p-value 1/8: p=0.01
BOOTSTRAP_SWEEP | INFO | Completed 10 bootstrap iterations for p=0.01
BOOTSTRAP_SWEEP | INFO | p=0.01 results: sign=51.12%, part_M=51.12%, part_S=51.12%, dot=0.0934, σ2_M=11.2807, σ2_S=0.0000, split_M=1009-1039, split_S=1009-1039, source=computed
BOOTSTRAP_SWEEP | INFO | Processing p-value 2/8: p=0.02
BOOTSTRAP_SWEEP | INFO | Completed 10 bootstrap iterations for p=0.02
BOOTSTRAP_SWEEP | INFO | p=0.02 results: sign=50.78%, part_M=50.78%, part_S=50.78%, dot=0.0527, σ2_M=11.2891, σ2_S=0.0000, split_M=1008-1040, split_S=1008-1040, source=computed
BOOTSTRAP_SWEEP | INFO | Processing p-value 3/8: p=0.05
BOOTSTRAP_SWEEP | INFO | Completed 10 bootstrap iterations for p=0.05
BOOTSTRAP_SWEEP | INFO | p=0.05 results: sign=60.30%, part_M=60.30%, part_S=60.30%, dot=0.1238, σ2_M=10.6136, σ2_S=0.0001, split_M=999-1049, split_S=999-1049, source=computed
BOOTSTRAP_SWEEP | INFO | Processing p-value 4/8: p=0.1
BOOTSTRAP_SWEEP | INFO | Completed 10 bootstrap iterations for p=0.1
BOOTSTRAP_SWEEP | INFO | p=0.1 results: sign=100.00%, part_M=100.00%, part_S=100.00%, dot=0.9198, σ2_M=0.2051, σ2_S=0.0000, split_M=1024-1024, split_S=1024-1024, source=computed
BOOTSTRAP_SWEEP | INFO | Processing p-value 5/8: p=0.25
BOOTSTRAP_SWEEP | INFO | Completed 10 bootstrap iterations for p=0.25
BOOTSTRAP_SWEEP | INFO | p=0.25 results: sign=100.00%, part_M=100.00%, part_S=100.00%, dot=0.9978, σ2_M=0.2051, σ2_S=0.0000, split_M=1024-1024, split_S=1024-1024, source=computed
Fiedler vectors plot saved to: /Users/itayg/PythonRepo/spectral-tree-inference/sub_sampled_fielder_vec/results/balanced_binary/distance_a1p000/uniform/20260510-230423-distance_a1_n512_4096_L10000/n2048_L10000/fiedler_vectors.png
EXPERIMENT_RUNNER | INFO | Generating tree partition visualizations...
✓ Tree partition saved: tree_partition_n2048 (tree.pdf/svg, fiedler.pdf/png, .nwk, .partition.txt)
✓ Combined plot saved: tree_partition_n2048.combined.pdf/png
EXPERIMENT_RUNNER | INFO | Tree partition visualizations saved to: /Users/itayg/PythonRepo/spectral-tree-inference/sub_sampled_fielder_vec/results/balanced_binary/distance_a1p000/uniform/20260510-230423-distance_a1_n512_4096_L10000/n2048_L10000/tree_plots/tree_partition_n2048
EXPERIMENT_RUNNER | INFO | Completed! Results saved to: /Users/itayg/PythonRepo/spectral-tree-inference/sub_sampled_fielder_vec/results/balanced_binary/distance_a1p000/uniform/20260510-230423-distance_a1_n512_4096_L10000/n2048_L10000
  [distance] n=2048 L=10000 done in 610.8 min  -> /Users/itayg/PythonRepo/spectral-tree-inference/sub_sampled_fielder_vec/results/balanced_binary/distance_a1p000/uniform/20260510-230423-distance_a1_n512_4096_L10000/n2048_L10000

--------------------------------------------------------------------------------
Launching experiment for balanced_binary tree: n=4096, L=10000
Sampling method: uniform

================================================================================
SPECTRAL TREE INFERENCE - Sub-sampled STDR Experiment
================================================================================
Experiment Type:    Single Configuration
Configurations:     n=4096, L=10000
Tree Model:         balanced_binary
Sequence Model:     JC69
Mutation Rate:      μ = 0.05
P-values:           8 values from 1.00e-02 to 1.00e+00
Bootstrap Reps:     10
Display Mode:       progress
Run Name:           distance_a1_n512_4096_L10000
================================================================================

EXPERIMENT_RUNNER | INFO | Log file created: /Users/itayg/PythonRepo/spectral-tree-inference/sub_sampled_fielder_vec/results/balanced_binary/distance_a1p000/uniform/20260510-230423-distance_a1_n512_4096_L10000/n4096_L10000/experiment.log
EXPERIMENT_RUNNER | INFO | All progress will be logged to this file
BOOTSTRAP_SWEEP | INFO | Generating tree and sequences...
BOOTSTRAP_SWEEP | INFO | Computing full paralinear distance matrix (α=1.0)...
BOOTSTRAP_SWEEP | INFO | Computing reference Fiedler vector...
BOOTSTRAP_SWEEP | INFO | Processing p-value 1/8: p=0.01
BOOTSTRAP_SWEEP | INFO | Completed 10 bootstrap iterations for p=0.01
BOOTSTRAP_SWEEP | INFO | p=0.01 results: sign=49.98%, part_M=50.02%, part_S=50.02%, dot=0.0632, σ2_M=15.4084, σ2_S=0.0000, split_M=2027-2069, split_S=2027-2069, source=computed
BOOTSTRAP_SWEEP | INFO | Processing p-value 2/8: p=0.02
BOOTSTRAP_SWEEP | INFO | Completed 10 bootstrap iterations for p=0.02
BOOTSTRAP_SWEEP | INFO | p=0.02 results: sign=51.59%, part_M=51.59%, part_S=51.59%, dot=0.0185, σ2_M=15.3861, σ2_S=0.0000, split_M=2003-2093, split_S=2003-2093, source=computed
BOOTSTRAP_SWEEP | INFO | Processing p-value 3/8: p=0.05
/Users/itayg/.pyenv/versions/3.12.8/lib/python3.12/multiprocessing/resource_tracker.py:254: UserWarning: resource_tracker: There appear to be 1 leaked semaphore objects to clean up at shutdown
  warnings.warn('resource_tracker: There appear to be %d '
