n=4000: 21 unique sweeps to ensure cached
n=4000 eta= 1 idx= 1  computed    307.3s  total=  307.3s
n=4000 eta= 1 idx= 2  computed    261.1s  total=  568.4s
n=4000 eta= 1 idx= 3  computed   2988.9s  total= 3557.3s
n=4000 eta= 1 idx= 4  computed   5905.9s  total= 9463.2s
n=4000 eta= 1 idx= 5  computed    446.8s  total= 9910.0s
n=4000 eta= 1 idx= 6  computed   1565.2s  total=11475.2s
n=4000 eta= 5 idx= 1  computed    244.7s  total=11719.9s
n=4000 eta= 5 idx= 2  computed    369.5s  total=12089.4s
n=4000 eta= 5 idx= 3  computed    328.2s  total=12417.6s
n=4000 eta= 5 idx= 4  computed    273.6s  total=12691.2s
n=4000 eta= 5 idx= 5  computed    310.6s  total=13001.8s
n=4000 eta=10 idx= 1  computed   4499.6s  total=17501.4s
n=4000 eta=10 idx= 2  computed    335.0s  total=17836.4s
n=4000 eta=10 idx= 3  computed    877.8s  total=18714.2s
n=4000 eta=10 idx= 4  computed    289.0s  total=19003.2s
n=4000 eta=10 idx= 5  computed    332.3s  total=19335.6s
n=4000 eta=10 idx= 6  computed    385.9s  total=19721.5s
n=4000 eta=15 idx= 1  computed    590.0s  total=20311.5s
n=4000 eta=15 idx= 2  cached      0.0s  total=20311.5s
n=4000 eta=15 idx= 3  computed   1250.0s  total=21561.5s
n=4000 eta=15 idx= 4  computed    296.4s  total=21857.9s
done in 21857.9s
