================================================================================
Starting full sweep: taxa=[512, 1024, 2048, 4096, 8192], L=10000, mu=0.1, reps=10
p values: [0.01, 0.02, 0.05, 0.1, 0.25, 0.5, 0.75, 1.0]
with_similarity: False
================================================================================
Saved sweep config to /Users/itayg/PythonRepo/spectral-tree-inference/sub_sampled_fielder_vec/results/balanced_binary/distance_a1p000/uniform/20260512-163153-distance_a1_n512_4096_L10000/sweep_config.json

================================================================================
Grid Sweep Base Directory: /Users/itayg/PythonRepo/spectral-tree-inference/sub_sampled_fielder_vec/results/balanced_binary/distance_a1p000/uniform/20260512-163153-distance_a1_n512_4096_L10000
================================================================================


>>> DISTANCE sweep: /Users/itayg/PythonRepo/spectral-tree-inference/sub_sampled_fielder_vec/results/balanced_binary/distance_a1p000/uniform/20260512-163153-distance_a1_n512_4096_L10000


--------------------------------------------------------------------------------
Launching experiment for balanced_binary tree: n=512, L=10000
Sampling method: uniform

================================================================================
SPECTRAL TREE INFERENCE - Sub-sampled STDR Experiment
================================================================================
Experiment Type:    Single Configuration
Configurations:     n=512, L=10000
Tree Model:         balanced_binary
Sequence Model:     JC69
Mutation Rate:      μ = 0.1
P-values:           8 values from 1.00e-02 to 1.00e+00
Bootstrap Reps:     10
Display Mode:       progress
Run Name:           distance_a1_n512_4096_L10000
================================================================================

EXPERIMENT_RUNNER | INFO | Log file created: /Users/itayg/PythonRepo/spectral-tree-inference/sub_sampled_fielder_vec/results/balanced_binary/distance_a1p000/uniform/20260512-163153-distance_a1_n512_4096_L10000/n512_L10000/experiment.log
EXPERIMENT_RUNNER | INFO | All progress will be logged to this file
BOOTSTRAP_SWEEP | INFO | Generating tree and sequences...
BOOTSTRAP_SWEEP | INFO | Computing full paralinear distance matrix (α=1.0)...
BOOTSTRAP_SWEEP | INFO | Computing reference Fiedler vector...
BOOTSTRAP_SWEEP | INFO | Processing p-value 1/8: p=0.01
BOOTSTRAP_SWEEP | INFO | Completed 10 bootstrap iterations for p=0.01
BOOTSTRAP_SWEEP | INFO | p=0.01 results: sign=54.10%, part_M=54.10%, part_S=54.10%, dot=0.1580, σ2_M=1.2507, σ2_S=0.0000, split_M=251-261, split_S=251-261, source=computed
BOOTSTRAP_SWEEP | INFO | Processing p-value 2/8: p=0.02
BOOTSTRAP_SWEEP | INFO | Completed 10 bootstrap iterations for p=0.02
BOOTSTRAP_SWEEP | INFO | p=0.02 results: sign=49.41%, part_M=50.59%, part_S=50.59%, dot=0.1979, σ2_M=1.2554, σ2_S=0.0000, split_M=251-261, split_S=251-261, source=computed
BOOTSTRAP_SWEEP | INFO | Processing p-value 3/8: p=0.05
BOOTSTRAP_SWEEP | INFO | Completed 10 bootstrap iterations for p=0.05
BOOTSTRAP_SWEEP | INFO | p=0.05 results: sign=53.12%, part_M=53.12%, part_S=53.12%, dot=0.1806, σ2_M=1.2346, σ2_S=0.0000, split_M=254-258, split_S=254-258, source=computed
BOOTSTRAP_SWEEP | INFO | Processing p-value 4/8: p=0.1
BOOTSTRAP_SWEEP | INFO | Completed 10 bootstrap iterations for p=0.1
BOOTSTRAP_SWEEP | INFO | p=0.1 results: sign=82.03%, part_M=82.03%, part_S=82.03%, dot=0.2212, σ2_M=0.8954, σ2_S=0.0001, split_M=254-258, split_S=254-258, source=computed
BOOTSTRAP_SWEEP | INFO | Processing p-value 5/8: p=0.25
BOOTSTRAP_SWEEP | INFO | Completed 10 bootstrap iterations for p=0.25
BOOTSTRAP_SWEEP | INFO | p=0.25 results: sign=100.00%, part_M=100.00%, part_S=100.00%, dot=0.9990, σ2_M=0.0102, σ2_S=0.0000, split_M=256-256, split_S=256-256, source=computed
BOOTSTRAP_SWEEP | INFO | Processing p-value 6/8: p=0.5
BOOTSTRAP_SWEEP | INFO | Completed 10 bootstrap iterations for p=0.5
BOOTSTRAP_SWEEP | INFO | p=0.5 results: sign=100.00%, part_M=100.00%, part_S=100.00%, dot=0.9997, σ2_M=0.0102, σ2_S=0.0000, split_M=256-256, split_S=256-256, source=computed
Fiedler vectors plot saved to: /Users/itayg/PythonRepo/spectral-tree-inference/sub_sampled_fielder_vec/results/balanced_binary/distance_a1p000/uniform/20260512-163153-distance_a1_n512_4096_L10000/n512_L10000/fiedler_vectors.png
EXPERIMENT_RUNNER | INFO | Generating tree partition visualizations...
✓ Tree partition saved: tree_partition_n512 (tree.pdf/svg, fiedler.pdf/png, .nwk, .partition.txt)
✓ Combined plot saved: tree_partition_n512.combined.pdf/png
EXPERIMENT_RUNNER | INFO | Tree partition visualizations saved to: /Users/itayg/PythonRepo/spectral-tree-inference/sub_sampled_fielder_vec/results/balanced_binary/distance_a1p000/uniform/20260512-163153-distance_a1_n512_4096_L10000/n512_L10000/tree_plots/tree_partition_n512
EXPERIMENT_RUNNER | INFO | Completed! Results saved to: /Users/itayg/PythonRepo/spectral-tree-inference/sub_sampled_fielder_vec/results/balanced_binary/distance_a1p000/uniform/20260512-163153-distance_a1_n512_4096_L10000/n512_L10000
  [distance] n=512 L=10000 done in 0.5 min  -> /Users/itayg/PythonRepo/spectral-tree-inference/sub_sampled_fielder_vec/results/balanced_binary/distance_a1p000/uniform/20260512-163153-distance_a1_n512_4096_L10000/n512_L10000

--------------------------------------------------------------------------------
Launching experiment for balanced_binary tree: n=1024, L=10000
Sampling method: uniform

================================================================================
SPECTRAL TREE INFERENCE - Sub-sampled STDR Experiment
================================================================================
Experiment Type:    Single Configuration
Configurations:     n=1024, L=10000
Tree Model:         balanced_binary
Sequence Model:     JC69
Mutation Rate:      μ = 0.1
P-values:           8 values from 1.00e-02 to 1.00e+00
Bootstrap Reps:     10
Display Mode:       progress
Run Name:           distance_a1_n512_4096_L10000
================================================================================

EXPERIMENT_RUNNER | INFO | Log file created: /Users/itayg/PythonRepo/spectral-tree-inference/sub_sampled_fielder_vec/results/balanced_binary/distance_a1p000/uniform/20260512-163153-distance_a1_n512_4096_L10000/n1024_L10000/experiment.log
EXPERIMENT_RUNNER | INFO | All progress will be logged to this file
BOOTSTRAP_SWEEP | INFO | Generating tree and sequences...
BOOTSTRAP_SWEEP | INFO | Computing full paralinear distance matrix (α=1.0)...
BOOTSTRAP_SWEEP | INFO | Computing reference Fiedler vector...
BOOTSTRAP_SWEEP | INFO | Processing p-value 1/8: p=0.01
/Users/itayg/.pyenv/versions/3.12.8/lib/python3.12/multiprocessing/resource_tracker.py:254: UserWarning: resource_tracker: There appear to be 1 leaked semaphore objects to clean up at shutdown
  warnings.warn('resource_tracker: There appear to be %d '
