================================================================================
Experiment Log Started: 2026-09-08 19:15:36
================================================================================

[19:15:36] BOOTSTRAP_SWEEP | INFO | 1000 taxa: 0/3 cached, 3 to run, p=0.0001..1, reps=2
[19:15:42] BOOTSTRAP_SWEEP | INFO | random_tree_001: loaded m=1000, true-tree top split 998/2
[19:15:42] P_SWEEP_INNER | WARNING | k-means split smaller side 1 < min_split 5
[19:15:42] P_SWEEP_INNER | WARNING | k-means split smaller side 4 < min_split 5
[19:15:42] P_SWEEP_INNER | WARNING | k-means split smaller side 2 < min_split 5
[19:15:42] P_SWEEP_INNER | WARNING | k-means split smaller side 1 < min_split 5
[19:15:42] BOOTSTRAP_SWEEP | INFO | random_tree_001: L(S) reference split 1/999 (eta=999.00)
[19:15:42] BOOTSTRAP_SWEEP | INFO | random_tree_001: B reference split 310/690 (eta=2.23)
[19:15:42] BOOTSTRAP_SWEEP | INFO | [1/3] random_tree_001 done in 6 s (elapsed 0.00 h, ETA 0.00 h)
[19:15:49] BOOTSTRAP_SWEEP | INFO | random_tree_002: loaded m=1000, true-tree top split 997/3
[19:15:49] P_SWEEP_INNER | WARNING | k-means split smaller side 1 < min_split 5
[19:15:49] P_SWEEP_INNER | WARNING | k-means split smaller side 4 < min_split 5
[19:15:49] P_SWEEP_INNER | WARNING | k-means split smaller side 2 < min_split 5
[19:15:49] P_SWEEP_INNER | WARNING | k-means split smaller side 2 < min_split 5
[19:15:49] BOOTSTRAP_SWEEP | INFO | random_tree_002: L(S) reference split 1/999 (eta=999.00)
[19:15:49] BOOTSTRAP_SWEEP | INFO | random_tree_002: B reference split 304/696 (eta=2.29)
[19:15:49] BOOTSTRAP_SWEEP | INFO | [2/3] random_tree_002 done in 7 s (elapsed 0.00 h, ETA 0.00 h)
[19:15:56] BOOTSTRAP_SWEEP | INFO | random_tree_003: loaded m=1000, true-tree top split 992/8
[19:15:56] P_SWEEP_INNER | WARNING | k-means split smaller side 1 < min_split 5
[19:15:56] P_SWEEP_INNER | WARNING | k-means split smaller side 2 < min_split 5
[19:15:56] P_SWEEP_INNER | WARNING | k-means split smaller side 2 < min_split 5
[19:15:56] BOOTSTRAP_SWEEP | INFO | random_tree_003: L(S) reference split 1/999 (eta=999.00)
[19:15:56] BOOTSTRAP_SWEEP | INFO | random_tree_003: B reference split 745/255 (eta=2.92)
[19:15:56] BOOTSTRAP_SWEEP | INFO | [3/3] random_tree_003 done in 7 s (elapsed 0.01 h, ETA 0.00 h)

================================================================================
Experiment Log Ended: 2026-09-08 19:15:56
================================================================================
