================================================================================
Experiment Log Started: 2026-09-08 19:32:23
================================================================================

[19:32:23] BOOTSTRAP_SWEEP | INFO | 1000 taxa: 0/2 cached, 2 to run, p=0.01..1, reps=1
[19:32:27] BOOTSTRAP_SWEEP | INFO | random_tree_001: loaded m=1000, true-tree top split 998/2
[19:32:27] P_SWEEP_INNER | WARNING | k-means split smaller side 1 < min_split 5
[19:32:27] P_SWEEP_INNER | WARNING | k-means split smaller side 1 < min_split 5
[19:32:27] P_SWEEP_INNER | WARNING | k-means split smaller side 1 < min_split 5
[19:32:27] BOOTSTRAP_SWEEP | INFO | random_tree_001: L(S) reference split 1/999 (eta=999.00)
[19:32:27] BOOTSTRAP_SWEEP | INFO | random_tree_001: B reference split 310/690 (eta=2.23)
[19:32:27] BOOTSTRAP_SWEEP | INFO | [1/2] random_tree_001 done in 5 s (elapsed 0.00 h, ETA 0.00 h)
[19:32:32] BOOTSTRAP_SWEEP | INFO | random_tree_002: loaded m=1000, true-tree top split 997/3
[19:32:32] P_SWEEP_INNER | WARNING | k-means split smaller side 1 < min_split 5
[19:32:32] P_SWEEP_INNER | WARNING | k-means split smaller side 1 < min_split 5
[19:32:32] P_SWEEP_INNER | WARNING | k-means split smaller side 1 < min_split 5
[19:32:32] BOOTSTRAP_SWEEP | INFO | random_tree_002: L(S) reference split 1/999 (eta=999.00)
[19:32:32] BOOTSTRAP_SWEEP | INFO | random_tree_002: B reference split 304/696 (eta=2.29)
[19:32:32] BOOTSTRAP_SWEEP | INFO | [2/2] random_tree_002 done in 5 s (elapsed 0.00 h, ETA 0.00 h)

================================================================================
Experiment Log Ended: 2026-09-08 19:32:32
================================================================================
