================================================================================
Experiment Log Started: 2026-09-08 19:25:55
================================================================================

[19:25:55] BOOTSTRAP_SWEEP | INFO | 1000 taxa: 1/4 cached, 3 to run, p=0.0001..1, reps=2
[19:26:00] BOOTSTRAP_SWEEP | INFO | random_tree_001: loaded m=1000, true-tree top split 998/2
[19:26:00] P_SWEEP_INNER | WARNING | k-means split smaller side 1 < min_split 5
[19:26:00] P_SWEEP_INNER | WARNING | k-means split smaller side 2 < min_split 5
[19:26:00] P_SWEEP_INNER | WARNING | k-means split smaller side 1 < min_split 5
[19:26:00] BOOTSTRAP_SWEEP | INFO | random_tree_001: L(S) reference split 1/999 (eta=999.00)
[19:26:00] BOOTSTRAP_SWEEP | INFO | random_tree_001: B reference split 690/310 (eta=2.23)
[19:26:00] BOOTSTRAP_SWEEP | INFO | [1/3] random_tree_001 done in 6 s (elapsed 0.00 h, ETA 0.00 h)
[19:26:06] BOOTSTRAP_SWEEP | INFO | random_tree_002: loaded m=1000, true-tree top split 997/3
[19:26:06] P_SWEEP_INNER | WARNING | k-means split smaller side 1 < min_split 5
[19:26:06] P_SWEEP_INNER | WARNING | k-means split smaller side 2 < min_split 5
[19:26:06] P_SWEEP_INNER | WARNING | k-means split smaller side 2 < min_split 5
[19:26:06] BOOTSTRAP_SWEEP | INFO | random_tree_002: L(S) reference split 1/999 (eta=999.00)
[19:26:06] BOOTSTRAP_SWEEP | INFO | random_tree_002: B reference split 304/696 (eta=2.29)
[19:26:06] BOOTSTRAP_SWEEP | INFO | [2/3] random_tree_002 done in 6 s (elapsed 0.00 h, ETA 0.00 h)
[19:26:11] BOOTSTRAP_SWEEP | INFO | random_tree_004: loaded m=1000, true-tree top split 996/4
[19:26:11] P_SWEEP_INNER | WARNING | k-means split smaller side 1 < min_split 5
[19:26:11] P_SWEEP_INNER | WARNING | k-means split smaller side 1 < min_split 5
[19:26:11] P_SWEEP_INNER | WARNING | k-means split smaller side 1 < min_split 5
[19:26:11] BOOTSTRAP_SWEEP | INFO | random_tree_004: L(S) reference split 1/999 (eta=999.00)
[19:26:12] BOOTSTRAP_SWEEP | INFO | random_tree_004: B reference split 304/696 (eta=2.29)
[19:26:12] BOOTSTRAP_SWEEP | INFO | [3/3] random_tree_004 done in 5 s (elapsed 0.00 h, ETA 0.00 h)

================================================================================
Experiment Log Ended: 2026-09-08 19:26:12
================================================================================
